[{"stream_name":"stderr","time":5.282350194,"data":"/usr/local/lib/python3.13/dist-packages/nbformat/validator.py:434: MissingIDFieldWarning: Cell is missing an id field, this will become a hard error in future nbformat versions. You may want to use `normalize()` on your notebooks before validations (available since nbformat 5.1.4). Previous versions of nbformat are fixing this issue transparently, and will stop doing so in the future.\n"}
,{"stream_name":"stderr","time":5.282397456,"data":"  _validate(nbdict, ref, version, version_minor, relax_add_props)\n"}
,{"stream_name":"stderr","time":6.078074913,"data":"0.00s - Debugger warning: It seems that frozen modules are being used, which may\n"}
,{"stream_name":"stderr","time":6.078096324,"data":"0.00s - make the debugger miss breakpoints. Please pass -Xfrozen_modules=off\n"}
,{"stream_name":"stderr","time":6.078099425,"data":"0.00s - to python to disable frozen modules.\n"}
,{"stream_name":"stderr","time":6.078101936,"data":"0.00s - Note: Debugging will proceed. Set PYDEVD_DISABLE_FILE_VALIDATION=1 to disable this validation.\n"}
,{"stream_name":"stderr","time":6.630274933,"data":"0.00s - Debugger warning: It seems that frozen modules are being used, which may\n"}
,{"stream_name":"stderr","time":6.630315608,"data":"0.00s - make the debugger miss breakpoints. Please pass -Xfrozen_modules=off\n"}
,{"stream_name":"stderr","time":6.630320575,"data":"0.00s - to python to disable frozen modules.\n"}
,{"stream_name":"stderr","time":6.630324092,"data":"0.00s - Note: Debugging will proceed. Set PYDEVD_DISABLE_FILE_VALIDATION=1 to disable this validation.\n"}
,{"stream_name":"stdout","time":9.190267616,"data":"Tesla T4, 15360 MiB\n"}
,{"stream_name":"stdout","time":9.1903161,"data":"Tesla T4, 15360 MiB\n"}
,{"stream_name":"stdout","time":9.190321082,"data":"\n"}
,{"stream_name":"stdout","time":147.197084009,"data":"........................................................................ [ 32%]\n"}
,{"stream_name":"stdout","time":147.197120944,"data":"................................ss...................................... [ 64%]\n"}
,{"stream_name":"stdout","time":147.197126737,"data":"........................................................................ [ 96%]\n"}
,{"stream_name":"stdout","time":147.197131333,"data":".......                                                                  [100%]\n"}
,{"stream_name":"stdout","time":147.197136025,"data":"=============================== warnings summary ===============================\n"}
,{"stream_name":"stdout","time":147.197146249,"data":"tests/test_decision_evaluate.py::test_tfidf_baseline_column_alignment\n"}
,{"stream_name":"stdout","time":147.197149642,"data":"tests/test_decision_evaluate.py::test_tfidf_baseline_missing_class\n"}
,{"stream_name":"stdout","time":147.197152695,"data":"tests/test_decision_evaluate.py::test_dataset_suite_end_to_end\n"}
,{"stream_name":"stdout","time":147.197155819,"data":"  /usr/local/lib/python3.13/dist-packages/sklearn/linear_model/_logistic.py:451: DeprecationWarning: scipy.optimize: The `disp` and `iprint` options of the L-BFGS-B solver are deprecated and will be removed in SciPy 1.18.0.\n"}
,{"stream_name":"stdout","time":147.197160224,"data":"    opt_res = optimize.minimize(\n"}
,{"stream_name":"stdout","time":147.197163154,"data":"\n"}
,{"stream_name":"stdout","time":147.197165922,"data":"-- Docs: https://docs.pytest.org/en/stable/how-to/capture-warnings.html\n"}
,{"stream_name":"stdout","time":147.197168812,"data":"221 passed, 2 skipped, 3 warnings in 131.17s (0:02:11)\n"}
,{"stream_name":"stdout","time":147.197171651,"data":"\n"}
,{"stream_name":"stdout","time":150.690442129,"data":"   ━━━━━━━━━━━━━━━━━━━━━━━━━━━━━━━━━━━━━━━━ 740.6/740.6 kB 4.7 MB/s eta 0:00:00\n"}
,{"stream_name":"stdout","time":150.892445956,"data":"   ━━━━━━━━━━━━━━━━━━━━━━━━━━━━━━━━━━━━━━━━ 740.6/740.6 kB 4.7 MB/s eta 0:00:00\n"}
,{"stream_name":"stdout","time":150.961298139,"data":"   ━━━━━━━━━━━━━━━━━━━━━━━━━━━━━━━━━━━━━━━━ 12.6/12.6 MB 66.2 MB/s eta 0:00:00\n"}
,{"stream_name":"stdout","time":151.032703631,"data":"   ━━━━━━━━━━━━━━━━━━━━━━━━━━━━━━━━━━━━━━━━ 846.4/846.4 kB 35.9 MB/s eta 0:00:00\n"}
,{"stream_name":"stdout","time":151.163068081,"data":"   ━━━━━━━━━━━━━━━━━━━━━━━━━━━━━━━━━━━━━━━━ 12.6/12.6 MB 66.2 MB/s eta 0:00:00\n"}
,{"stream_name":"stdout","time":151.163089292,"data":"   ━━━━━━━━━━━━━━━━━━━━━━━━━━━━━━━━━━━━━━━━ 846.4/846.4 kB 35.9 MB/s eta 0:00:00\n"}
,{"stream_name":"stderr","time":183.960077725,"data":"Warning: You are sending unauthenticated requests to the HF Hub. Please set a HF_TOKEN to enable higher rate limits and faster downloads.\n"}
,{"stream_name":"stderr","time":183.960111897,"data":"\n"}
,{"stream_name":"stderr","time":183.960117222,"data":"Warning: You are sending unauthenticated requests to the HF Hub. Please set a HF_TOKEN to enable higher rate limits and faster downloads.\n"}
,{"stream_name":"stdout","time":213.570554623,"data":"datasets path failed: HfUriError(\"Invalid HF URI 'hf://datasets/clinc_oos@155b9c710419136e17307b80d0a13e68cd46b4ec/.huggingface.yaml'. Repository id must be 'name\n"}
,{"stream_name":"stdout","time":213.917906883,"data":"source: github json | train 15000 | val 3100 | test 5500\n"}
,{"stream_name":"stdout","time":290.220985111,"data":"peak cuda GiB: 0.88\n"}
,{"stream_name":"stdout","time":300.80790416,"data":"cosine calibration: {\n"}
,{"stream_name":"stdout","time":300.807960642,"data":" \"t_prob\": 0.25,\n"}
,{"stream_name":"stdout","time":300.807967028,"data":" \"tau_answer\": 0.015279530048182147,\n"}
,{"stream_name":"stdout","time":300.80797195,"data":" \"qhat\": 0.02393932927923971,\n"}
,{"stream_name":"stdout","time":300.807977282,"data":" \"t_set\": 1.0,\n"}
,{"stream_name":"stdout","time":300.807982938,"data":" \"n_A\": 1497,\n"}
,{"stream_name":"stdout","time":300.807988249,"data":" \"n_B\": 1503,\n"}
,{"stream_name":"stdout","time":300.807993735,"data":" \"tau_in_schema\": 0.6991039514541626\n"}
,{"stream_name":"stdout","time":300.80799925,"data":"}\n"}
,{"stream_name":"stdout","time":301.411676436,"data":"cosine leg: {\"actions\": {\"escalate\": 3648, \"answer\": 1797, \"clarify\": 55}, \"resolved\": 0.482, \"encodes\": 5555, \"cov_hits\": 4113, \"n_in\": 4500, \"encodes_per_item\": 1.01, \"set_coverage_in_scope\": 0.914}\n"}
,{"stream_name":"stdout","time":304.474457683,"data":"head: {'best_val_loss': 0.09621404856443405, 'epochs_run': 27, 'n_train': 13500, 'n_classes': 150}\n"}
,{"stream_name":"stdout","time":304.474498697,"data":"TaskHead in-scope accuracy: 0.969\n"}
,{"stream_name":"stdout","time":304.474520086,"data":"head calibration: {\n"}
,{"stream_name":"stdout","time":304.474525323,"data":" \"t_prob\": 0.8548387096774194,\n"}
,{"stream_name":"stdout","time":304.474530048,"data":" \"tau_answer\": 0.2898013667933294,\n"}
,{"stream_name":"stdout","time":304.474534997,"data":" \"qhat\": 0.9998559212068684,\n"}
,{"stream_name":"stdout","time":304.474539416,"data":" \"t_set\": 1.0,\n"}
,{"stream_name":"stdout","time":304.474543694,"data":" \"n_A\": 1497,\n"}
,{"stream_name":"stdout","time":304.474569028,"data":" \"n_B\": 1503,\n"}
,{"stream_name":"stdout","time":304.474571805,"data":" \"tau_in_schema\": 9.803707122802734\n"}
,{"stream_name":"stdout","time":304.474574197,"data":"}\n"}
,{"stream_name":"stdout","time":304.988691862,"data":"head leg: {\"actions\": {\"answer\": 4381, \"escalate\": 1119}, \"resolved\": 0.931, \"encodes\": 5500, \"cov_hits\": 4498, \"n_in\": 4500, \"encodes_per_item\": 1.0, \"set_coverage_in_scope\": 1.0}\n"}
,{"stream_name":"stdout","time":305.131761833,"data":"bundle round-trip: 200/200 identical\n"}
,{"stream_name":"stderr","time":306.222114919,"data":"Repo card metadata block was not found. Setting CardData to empty.\n"}
,{"stream_name":"stderr","time":306.22214149,"data":"\n"}
,{"stream_name":"stderr","time":306.222146281,"data":"Repo card metadata block was not found. Setting CardData to empty.\n"}
,{"stream_name":"stdout","time":337.551917265,"data":"ordinal: acc 0.432 mae 0.732 | zeroshot: acc 0.318 mae 0.875\n"}
,{"stream_name":"stdout","time":357.548436777,"data":"'i need to cancel my flight tomorrow'\n"}
,{"stream_name":"stdout","time":357.548467553,"data":"  -\u003e action=escalate top=0.334 set=['cancel reservation', 'pto request', 'book flight', 'goodbye']\n"}
,{"stream_name":"stdout","time":357.54847407,"data":"'what is the balance on my account'\n"}
,{"stream_name":"stdout","time":357.548479036,"data":"  -\u003e action=answer top=0.997 set=['balance', 'bill balance', 'account blocked', 'credit limit']\n"}
,{"stream_name":"stdout","time":357.548483765,"data":"'how do i activate my new card'\n"}
,{"stream_name":"stdout","time":357.548488097,"data":"  -\u003e action=escalate top=0.970 set=['new card', 'redeem rewards', 'greeting', 'replacement card duration']\n"}
,{"stream_name":"stdout","time":357.548493284,"data":"'i lost my wallet on the bus yesterday'\n"}
,{"stream_name":"stdout","time":357.548498134,"data":"  -\u003e action=escalate top=0.217 set=['lost luggage', 'spending history', 'goodbye', 'report lost card']\n"}
,{"stream_name":"stdout","time":357.548502851,"data":"'when will my paycheck arrive'\n"}
,{"stream_name":"stdout","time":357.548507067,"data":"  -\u003e action=answer top=0.998 set=['payday', 'income', 'bill due', 'order status']\n"}
,{"stream_name":"stdout","time":357.548511565,"data":"'can you transfer two hundred dollars to my savings'\n"}
,{"stream_name":"stdout","time":357.548515705,"data":"  -\u003e action=answer top=1.000 set=['transfer', 'balance', 'account blocked', 'definition']\n"}
,{"stream_name":"stdout","time":357.54852006,"data":"'why was my card declined at the store'\n"}
,{"stream_name":"stdout","time":357.548524133,"data":"  -\u003e action=answer top=1.000 set=['card declined', 'account blocked']\n"}
,{"stream_name":"stdout","time":357.548528434,"data":"'i want to dispute this charge i never made'\n"}
,{"stream_name":"stdout","time":357.548532554,"data":"  -\u003e action=escalate top=0.774 set=['report fraud', 'cancel', 'no', 'spending history']\n"}
,{"stream_name":"stdout","time":357.548537442,"data":"'do you do currency exchange for euros'\n"}
,{"stream_name":"stdout","time":357.54854226,"data":"  -\u003e action=answer top=0.999 set=['exchange rate', 'plug type', 'transfer', 'change language']\n"}
,{"stream_name":"stdout","time":357.548546676,"data":"'my phone was stolen and i need to freeze everything'\n"}
,{"stream_name":"stdout","time":357.548551498,"data":"  -\u003e action=escalate top=0.461 set=['sync device', 'freeze account', 'find phone', 'report fraud']\n"}
,{"stream_name":"stdout","time":357.54855606,"data":"'tell me something completely unrelated to banking intents xyz'\n"}
,{"stream_name":"stdout","time":357.548570984,"data":"  -\u003e action=escalate top=0.364 set=['no', 'what can i ask you', 'meaning of life', 'fun fact']\n"}
,{"stream_name":"stdout","time":357.548575432,"data":"'blorple snizzle wumpus quack'\n"}
,{"stream_name":"stdout","time":357.548579864,"data":"  -\u003e action=escalate top=0.111 set=['tell joke', 'repeat', 'whisper mode', 'cancel']\n"}
,{"stream_name":"stdout","time":375.767303812,"data":"serve: POST /decide -\u003e escalate (940ms) | stats: 1 req, p50=940ms\n"}
,{"stream_name":"stdout","time":391.32410554,"data":"cosine     acc=0.756 log=4.287 brier=0.978 ece=0.741\n"}
,{"stream_name":"stdout","time":391.324139475,"data":"taskhead   acc=0.969 log=0.118 brier=0.046 ece=0.006\n"}
,{"stream_name":"stdout","time":391.324144868,"data":"tfidf_lr   acc=0.906 log=0.687 brier=0.230 ece=0.235\n"}
,{"stream_name":"stdout","time":397.463010534,"data":"cosine     acc=0.756 [0.744,0.768] aurc=0.1135 ece15=0.741 acc@80=0.834\n"}
,{"stream_name":"stdout","time":397.463094846,"data":"taskhead   acc=0.969 [0.964,0.974] aurc=0.0026 ece15=0.006 acc@80=0.996\n"}
,{"stream_name":"stdout","time":397.463102331,"data":"tfidf_lr   acc=0.906 [0.898,0.914] aurc=0.0180 ece15=0.235 acc@80=0.969\n"}
,{"stream_name":"stdout","time":397.974256273,"data":"acc by nearest-train-similarity band: {\n"}
,{"stream_name":"stdout","time":397.974375807,"data":" \"[-1,0.8)\": {\n"}
,{"stream_name":"stdout","time":397.974381308,"data":"  \"n\": 190,\n"}
,{"stream_name":"stdout","time":397.974385545,"data":"  \"acc\": 0.9105263157894737\n"}
,{"stream_name":"stdout","time":397.974389827,"data":" },\n"}
,{"stream_name":"stdout","time":397.974393867,"data":" \"[0.8,0.9)\": {\n"}
,{"stream_name":"stdout","time":397.974397952,"data":"  \"n\": 1350,\n"}
,{"stream_name":"stdout","time":397.974402171,"data":"  \"acc\": 0.9422222222222222\n"}
,{"stream_name":"stdout","time":397.974406302,"data":" },\n"}
,{"stream_name":"stdout","time":397.974410322,"data":" \"[0.9,0.95)\": {\n"}
,{"stream_name":"stdout","time":397.97441442,"data":"  \"n\": 1146,\n"}
,{"stream_name":"stdout","time":397.974418557,"data":"  \"acc\": 0.9729493891797557\n"}
,{"stream_name":"stdout","time":397.974422706,"data":" },\n"}
,{"stream_name":"stdout","time":397.97442668,"data":" \"[0.95,1.01)\": {\n"}
,{"stream_name":"stdout","time":397.974430732,"data":"  \"n\": 1814,\n"}
,{"stream_name":"stdout","time":397.974434824,"data":"  \"acc\": 0.9933847850055126\n"}
,{"stream_name":"stdout","time":397.974438941,"data":" }\n"}
,{"stream_name":"stdout","time":397.974442968,"data":"}\n"}
,{"stream_name":"stdout","time":417.161348319,"data":"banking77        k= 77 head=0.930 cos=0.929 tfidf=0.731\n"}
,{"stream_name":"stdout","time":439.7972254,"data":"emotion          k=  6 head=0.625 cos=0.498 tfidf=0.580\n"}
,{"stream_name":"stdout","time":465.559322951,"data":"tweet_emotion    k=  4 head=0.798 cos=0.756 tfidf=0.565\n"}
,{"stream_name":"stdout","time":494.24208184,"data":"tweet_sentiment  k=  3 head=0.666 cos=0.575 tfidf=0.488\n"}
,{"stream_name":"stdout","time":524.083459208,"data":"tweet_hate       k=  2 head=0.586 cos=0.568 tfidf=0.529\n"}
,{"stream_name":"stdout","time":543.89956901,"data":"sst2             k=  2 head=0.847 cos=0.854 tfidf=0.682\n"}
,{"stream_name":"stdout","time":589.567984426,"data":"ag_news          k=  4 head=0.869 cos=0.614 tfidf=0.786\n"}
,{"stream_name":"stdout","time":653.973163336,"data":"dbpedia_14       k= 14 head=0.970 cos=0.776 tfidf=0.927\n"}
,{"stream_name":"stdout","time":699.95161734,"data":"mnli             k=  3 head=0.449 cos=0.368 tfidf=0.379\n"}
,{"stream_name":"stdout","time":700.303269972,"data":"'i need to cancel my flight tomorrow'\n"}
,{"stream_name":"stdout","time":700.303312833,"data":"  -\u003e action=escalate top=0.010 set=['cancel', 'book flight', 'insurance change', 'income']\n"}
,{"stream_name":"stdout","time":700.30331767,"data":"\n"}
,{"stream_name":"stdout","time":700.303320141,"data":"'what is the balance on my account'\n"}
,{"stream_name":"stdout","time":700.303322574,"data":"  -\u003e action=answer top=0.016 set=['balance', 'bill balance', 'rewards balance']\n"}
,{"stream_name":"stdout","time":700.303325147,"data":"\n"}
,{"stream_name":"stdout","time":700.303327403,"data":"'tell me something completely unrelated to banking intents xyz'\n"}
,{"stream_name":"stdout","time":700.303329882,"data":"  -\u003e action=escalate top=0.011 set=['no', 'what can i ask you', 'meaning of life', 'definition']\n"}
,{"stream_name":"stdout","time":700.303332434,"data":"\n"}
,{"stream_name":"stdout","time":700.362091008,"data":"{\n"}
,{"stream_name":"stdout","time":700.362113608,"data":"  \"suite_green_on_kaggle\": true,\n"}
,{"stream_name":"stdout","time":700.362118533,"data":"  \"cosine_resolved_in_band\": true,\n"}
,{"stream_name":"stdout","time":700.362122273,"data":"  \"head_resolved_in_band\": true,\n"}
,{"stream_name":"stdout","time":700.362127651,"data":"  \"coverage_in_band\": true,\n"}
,{"stream_name":"stdout","time":700.362131453,"data":"  \"head_coverage_reported\": 0.9995555555555555,\n"}
,{"stream_name":"stdout","time":700.362136919,"data":"  \"head_acc_in_band\": true,\n"}
,{"stream_name":"stdout","time":700.36214058,"data":"  \"bundle_roundtrip_identical\": true,\n"}
,{"stream_name":"stdout","time":700.362144723,"data":"  \"ordinal_ran\": true,\n"}
,{"stream_name":"stdout","time":700.362148923,"data":"  \"ordinal_beats_zeroshot\": true,\n"}
,{"stream_name":"stdout","time":700.362153151,"data":"  \"cli_ran\": true,\n"}
,{"stream_name":"stdout","time":700.362156653,"data":"  \"cli_inputs\": 12,\n"}
,{"stream_name":"stdout","time":700.36216063,"data":"  \"serve_ran\": true,\n"}
,{"stream_name":"stdout","time":700.362164649,"data":"  \"baselines_ran\": true,\n"}
,{"stream_name":"stdout","time":700.362168719,"data":"  \"head_beats_tfidf_acc\": true,\n"}
,{"stream_name":"stdout","time":700.36217296,"data":"  \"rigor_ran\": true,\n"}
,{"stream_name":"stdout","time":700.362176873,"data":"  \"memorization_ran\": true,\n"}
,{"stream_name":"stdout","time":700.362180494,"data":"  \"breadth_ran\": true,\n"}
,{"stream_name":"stdout","time":700.362184279,"data":"  \"breadth_datasets\": 9,\n"}
,{"stream_name":"stdout","time":700.362188579,"data":"  \"breadth_head_ge_tfidf\": true\n"}
,{"stream_name":"stdout","time":700.362192533,"data":"}\n"}
,{"stream_name":"stderr","time":705.644472003,"data":"/usr/local/lib/python3.13/dist-packages/mistune.py:435: SyntaxWarning: invalid escape sequence '\\|'\n"}
,{"stream_name":"stderr","time":705.644519185,"data":"  cells[i][c] = re.sub('\\\\\\\\\\|', '|', cell)\n"}
,{"stream_name":"stderr","time":705.793838092,"data":"/usr/local/lib/python3.13/dist-packages/nbconvert/filters/filter_links.py:36: SyntaxWarning: invalid escape sequence '\\_'\n"}
,{"stream_name":"stderr","time":705.793860847,"data":"  text = re.sub(r'_', '\\_', text) # Escape underscores in display text\n"}
,{"stream_name":"stderr","time":706.519131781,"data":"[NbConvertApp] Converting notebook __notebook__.ipynb to notebook\n"}
,{"stream_name":"stderr","time":706.759307234,"data":"[NbConvertApp] Writing 1632483 bytes to __notebook__.ipynb\n"}
,{"stream_name":"stderr","time":709.146607658,"data":"[NbConvertApp] Converting notebook __notebook__.ipynb to html\n"}
,{"stream_name":"stderr","time":709.983893695,"data":"[NbConvertApp] Writing 1742174 bytes to __results__.html\n"}
]