[{"stream_name":"stderr","time":6.230785458,"data":"/usr/local/lib/python3.13/dist-packages/nbformat/validator.py:434: MissingIDFieldWarning: Cell is missing an id field, this will become a hard error in future nbformat versions. You may want to use `normalize()` on your notebooks before validations (available since nbformat 5.1.4). Previous versions of nbformat are fixing this issue transparently, and will stop doing so in the future.\n"}
,{"stream_name":"stderr","time":6.230835524,"data":"  _validate(nbdict, ref, version, version_minor, relax_add_props)\n"}
,{"stream_name":"stderr","time":7.148818744,"data":"0.00s - Debugger warning: It seems that frozen modules are being used, which may\n"}
,{"stream_name":"stderr","time":7.148843895,"data":"0.00s - make the debugger miss breakpoints. Please pass -Xfrozen_modules=off\n"}
,{"stream_name":"stderr","time":7.148847166,"data":"0.00s - to python to disable frozen modules.\n"}
,{"stream_name":"stderr","time":7.148849546,"data":"0.00s - Note: Debugging will proceed. Set PYDEVD_DISABLE_FILE_VALIDATION=1 to disable this validation.\n"}
,{"stream_name":"stderr","time":7.730208773,"data":"0.00s - Debugger warning: It seems that frozen modules are being used, which may\n"}
,{"stream_name":"stderr","time":7.730236272,"data":"0.00s - make the debugger miss breakpoints. Please pass -Xfrozen_modules=off\n"}
,{"stream_name":"stderr","time":7.730241204,"data":"0.00s - to python to disable frozen modules.\n"}
,{"stream_name":"stderr","time":7.730244711,"data":"0.00s - Note: Debugging will proceed. Set PYDEVD_DISABLE_FILE_VALIDATION=1 to disable this validation.\n"}
,{"stream_name":"stdout","time":11.065605272,"data":"Tesla T4, 15360 MiB\n"}
,{"stream_name":"stdout","time":11.065631301,"data":"Tesla T4, 15360 MiB\n"}
,{"stream_name":"stdout","time":11.06563951,"data":"\n"}
,{"stream_name":"stdout","time":144.203033999,"data":"......................................................................ss [ 47%]\n"}
,{"stream_name":"stdout","time":144.203070667,"data":"........................................................................ [ 94%]\n"}
,{"stream_name":"stdout","time":144.203074752,"data":"........                                                                 [100%]\n"}
,{"stream_name":"stdout","time":144.203077821,"data":"150 passed, 2 skipped in 125.67s (0:02:05)\n"}
,{"stream_name":"stdout","time":144.203081526,"data":"\n"}
,{"stream_name":"stdout","time":147.368230778,"data":"   ━━━━━━━━━━━━━━━━━━━━━━━━━━━━━━━━━━━━━━━━ 740.6/740.6 kB 30.7 MB/s eta 0:00:00\n"}
,{"stream_name":"stdout","time":147.477842753,"data":"   ━━━━━━━━━━━━━━━━━━━━━━━━━━━━━━━━━━━━━━━━ 12.6/12.6 MB 110.7 MB/s eta 0:00:00\n"}
,{"stream_name":"stdout","time":147.507073555,"data":"   ━━━━━━━━━━━━━━━━━━━━━━━━━━━━━━━━━━━━━━━━ 846.4/846.4 kB 38.7 MB/s eta 0:00:00\n"}
,{"stream_name":"stdout","time":147.570534422,"data":"   ━━━━━━━━━━━━━━━━━━━━━━━━━━━━━━━━━━━━━━━━ 740.6/740.6 kB 30.7 MB/s eta 0:00:00\n"}
,{"stream_name":"stdout","time":147.570557552,"data":"   ━━━━━━━━━━━━━━━━━━━━━━━━━━━━━━━━━━━━━━━━ 12.6/12.6 MB 110.7 MB/s eta 0:00:00\n"}
,{"stream_name":"stdout","time":147.570571222,"data":"   ━━━━━━━━━━━━━━━━━━━━━━━━━━━━━━━━━━━━━━━━ 846.4/846.4 kB 38.7 MB/s eta 0:00:00\n"}
,{"stream_name":"stderr","time":184.207578501,"data":"Warning: You are sending unauthenticated requests to the HF Hub. Please set a HF_TOKEN to enable higher rate limits and faster downloads.\n"}
,{"stream_name":"stderr","time":184.207618343,"data":"\n"}
,{"stream_name":"stderr","time":184.207622049,"data":"Warning: You are sending unauthenticated requests to the HF Hub. Please set a HF_TOKEN to enable higher rate limits and faster downloads.\n"}
,{"stream_name":"stdout","time":201.443176789,"data":"datasets path failed: HfUriError(\"Invalid HF URI 'hf://datasets/clinc_oos@155b9c710419136e17307b80d0a13e68cd46b4ec/.huggingface.yaml'. Repository id must be 'name\n"}
,{"stream_name":"stdout","time":201.506059655,"data":"source: github json | train 15000 | val 3100 | test 5500\n"}
,{"stream_name":"stdout","time":283.486974299,"data":"peak cuda GiB: 0.88\n"}
,{"stream_name":"stdout","time":294.22586004,"data":"cosine calibration: {\n"}
,{"stream_name":"stdout","time":294.225891776,"data":" \"t_prob\": 0.25,\n"}
,{"stream_name":"stdout","time":294.22589914,"data":" \"tau_answer\": 0.015279530048182147,\n"}
,{"stream_name":"stdout","time":294.225904635,"data":" \"qhat\": 0.02393932927923971,\n"}
,{"stream_name":"stdout","time":294.225910153,"data":" \"t_set\": 1.0,\n"}
,{"stream_name":"stdout","time":294.225949429,"data":" \"n_A\": 1497,\n"}
,{"stream_name":"stdout","time":294.225957582,"data":" \"n_B\": 1503,\n"}
,{"stream_name":"stdout","time":294.225962645,"data":" \"tau_in_schema\": 0.6991039514541626,\n"}
,{"stream_name":"stdout","time":294.225967802,"data":" \"in_schema_j\": 0.7847644975485562\n"}
,{"stream_name":"stdout","time":294.225974582,"data":"}\n"}
,{"stream_name":"stdout","time":294.803778443,"data":"cosine leg: {\"actions\": {\"escalate\": 3648, \"answer\": 1797, \"clarify\": 55}, \"resolved\": 0.482, \"encodes\": 5555, \"cov_hits\": 4113, \"n_in\": 4500, \"encodes_per_item\": 1.01, \"set_coverage_in_scope\": 0.914}\n"}
,{"stream_name":"stdout","time":297.887727021,"data":"head: {'best_val_loss': 0.09621404856443405, 'epochs_run': 27, 'n_train': 13500, 'n_classes': 150}\n"}
,{"stream_name":"stdout","time":297.88777667,"data":"TaskHead in-scope accuracy: 0.969\n"}
,{"stream_name":"stdout","time":297.887783831,"data":"head calibration: {\n"}
,{"stream_name":"stdout","time":297.887789338,"data":" \"t_prob\": 0.8548387096774194,\n"}
,{"stream_name":"stdout","time":297.887794798,"data":" \"tau_answer\": 0.2898013667933294,\n"}
,{"stream_name":"stdout","time":297.887799901,"data":" \"qhat\": 0.9998559212068684,\n"}
,{"stream_name":"stdout","time":297.887804915,"data":" \"t_set\": 1.0,\n"}
,{"stream_name":"stdout","time":297.887809837,"data":" \"n_A\": 1497,\n"}
,{"stream_name":"stdout","time":297.887814969,"data":" \"n_B\": 1503,\n"}
,{"stream_name":"stdout","time":297.887820037,"data":" \"tau_in_schema\": 9.803707122802734,\n"}
,{"stream_name":"stdout","time":297.887825235,"data":" \"in_schema_j\": 0.9390479071350248\n"}
,{"stream_name":"stdout","time":297.887830334,"data":"}\n"}
,{"stream_name":"stdout","time":298.397941625,"data":"head leg: {\"actions\": {\"answer\": 4381, \"escalate\": 1119}, \"resolved\": 0.931, \"encodes\": 5500, \"cov_hits\": 4498, \"n_in\": 4500, \"encodes_per_item\": 1.0, \"set_coverage_in_scope\": 1.0}\n"}
,{"stream_name":"stdout","time":298.521711713,"data":"bundle round-trip: 200/200 identical\n"}
,{"stream_name":"stderr","time":298.681460997,"data":"Repo card metadata block was not found. Setting CardData to empty.\n"}
,{"stream_name":"stderr","time":298.681482601,"data":"\n"}
,{"stream_name":"stderr","time":298.681488218,"data":"Repo card metadata block was not found. Setting CardData to empty.\n"}
,{"stream_name":"stdout","time":329.515061005,"data":"ordinal: acc 0.432 mae 0.732 | zeroshot: acc 0.318 mae 0.875\n"}
,{"stream_name":"stdout","time":346.243212917,"data":"'i need to cancel my flight tomorrow'\n"}
,{"stream_name":"stdout","time":346.243263172,"data":"  -\u003e action=escalate top=0.334 set=['cancel reservation', 'pto request', 'book flight', 'goodbye']\n"}
,{"stream_name":"stdout","time":346.243269861,"data":"'what is the balance on my account'\n"}
,{"stream_name":"stdout","time":346.243273983,"data":"  -\u003e action=answer top=0.997 set=['balance', 'bill balance', 'account blocked', 'credit limit']\n"}
,{"stream_name":"stdout","time":346.24327851,"data":"'how do i activate my new card'\n"}
,{"stream_name":"stdout","time":346.243282557,"data":"  -\u003e action=escalate top=0.970 set=['new card', 'redeem rewards', 'greeting', 'replacement card duration']\n"}
,{"stream_name":"stdout","time":346.2432865,"data":"'i lost my wallet on the bus yesterday'\n"}
,{"stream_name":"stdout","time":346.243290094,"data":"  -\u003e action=escalate top=0.217 set=['lost luggage', 'spending history', 'goodbye', 'report lost card']\n"}
,{"stream_name":"stdout","time":346.243293832,"data":"'when will my paycheck arrive'\n"}
,{"stream_name":"stdout","time":346.24329725,"data":"  -\u003e action=answer top=0.998 set=['payday', 'income', 'bill due', 'order status']\n"}
,{"stream_name":"stdout","time":346.243300955,"data":"'can you transfer two hundred dollars to my savings'\n"}
,{"stream_name":"stdout","time":346.243304486,"data":"  -\u003e action=answer top=1.000 set=['transfer', 'balance', 'account blocked', 'definition']\n"}
,{"stream_name":"stdout","time":346.24330817,"data":"'why was my card declined at the store'\n"}
,{"stream_name":"stdout","time":346.243311666,"data":"  -\u003e action=answer top=1.000 set=['card declined', 'account blocked']\n"}
,{"stream_name":"stdout","time":346.243315206,"data":"'i want to dispute this charge i never made'\n"}
,{"stream_name":"stdout","time":346.243318608,"data":"  -\u003e action=escalate top=0.774 set=['report fraud', 'cancel', 'no', 'spending history']\n"}
,{"stream_name":"stdout","time":346.243322304,"data":"'do you do currency exchange for euros'\n"}
,{"stream_name":"stdout","time":346.243329282,"data":"  -\u003e action=answer top=0.999 set=['exchange rate', 'plug type', 'transfer', 'change language']\n"}
,{"stream_name":"stdout","time":346.243333119,"data":"'my phone was stolen and i need to freeze everything'\n"}
,{"stream_name":"stdout","time":346.243336828,"data":"  -\u003e action=escalate top=0.461 set=['sync device', 'freeze account', 'find phone', 'report fraud']\n"}
,{"stream_name":"stdout","time":346.243347692,"data":"'tell me something completely unrelated to banking intents xyz'\n"}
,{"stream_name":"stdout","time":346.243370959,"data":"  -\u003e action=escalate top=0.364 set=['no', 'what can i ask you', 'meaning of life', 'fun fact']\n"}
,{"stream_name":"stdout","time":346.243375495,"data":"'blorple snizzle wumpus quack'\n"}
,{"stream_name":"stdout","time":346.243379568,"data":"  -\u003e action=escalate top=0.111 set=['tell joke', 'repeat', 'whisper mode', 'cancel']\n"}
,{"stream_name":"stdout","time":346.444701767,"data":"'i need to cancel my flight tomorrow'\n"}
,{"stream_name":"stdout","time":346.444730115,"data":"  -\u003e action=escalate top=0.010 set=['cancel', 'book flight', 'insurance change', 'income']\n"}
,{"stream_name":"stdout","time":346.444735234,"data":"\n"}
,{"stream_name":"stdout","time":346.444738671,"data":"'what is the balance on my account'\n"}
,{"stream_name":"stdout","time":346.444742079,"data":"  -\u003e action=answer top=0.016 set=['balance', 'bill balance', 'rewards balance']\n"}
,{"stream_name":"stdout","time":346.444745607,"data":"\n"}
,{"stream_name":"stdout","time":346.510151017,"data":"'tell me something completely unrelated to banking intents xyz'\n"}
,{"stream_name":"stdout","time":346.510173391,"data":"  -\u003e action=escalate top=0.011 set=['no', 'what can i ask you', 'meaning of life', 'definition']\n"}
,{"stream_name":"stdout","time":346.510178439,"data":"\n"}
,{"stream_name":"stdout","time":346.541609557,"data":"{\n"}
,{"stream_name":"stdout","time":346.541630109,"data":"  \"suite_green_on_kaggle\": true,\n"}
,{"stream_name":"stdout","time":346.541636344,"data":"  \"cosine_resolved_in_band\": true,\n"}
,{"stream_name":"stdout","time":346.541641246,"data":"  \"head_resolved_in_band\": true,\n"}
,{"stream_name":"stdout","time":346.541656307,"data":"  \"coverage_in_band\": true,\n"}
,{"stream_name":"stdout","time":346.54166087,"data":"  \"head_coverage_reported\": 0.9995555555555555,\n"}
,{"stream_name":"stdout","time":346.541664953,"data":"  \"head_acc_in_band\": true,\n"}
,{"stream_name":"stdout","time":346.541668561,"data":"  \"bundle_roundtrip_identical\": true,\n"}
,{"stream_name":"stdout","time":346.5416723,"data":"  \"ordinal_ran\": true,\n"}
,{"stream_name":"stdout","time":346.541675981,"data":"  \"ordinal_beats_zeroshot\": true,\n"}
,{"stream_name":"stdout","time":346.54167974,"data":"  \"cli_ran\": true,\n"}
,{"stream_name":"stdout","time":346.541683306,"data":"  \"cli_inputs\": 12\n"}
,{"stream_name":"stdout","time":346.541687119,"data":"}\n"}
,{"stream_name":"stderr","time":351.627816612,"data":"/usr/local/lib/python3.13/dist-packages/mistune.py:435: SyntaxWarning: invalid escape sequence '\\|'\n"}
,{"stream_name":"stderr","time":351.627845514,"data":"  cells[i][c] = re.sub('\\\\\\\\\\|', '|', cell)\n"}
,{"stream_name":"stderr","time":351.786713401,"data":"/usr/local/lib/python3.13/dist-packages/nbconvert/filters/filter_links.py:36: SyntaxWarning: invalid escape sequence '\\_'\n"}
,{"stream_name":"stderr","time":351.786738098,"data":"  text = re.sub(r'_', '\\_', text) # Escape underscores in display text\n"}
,{"stream_name":"stderr","time":352.508062957,"data":"[NbConvertApp] Converting notebook __notebook__.ipynb to notebook\n"}
,{"stream_name":"stderr","time":352.628577439,"data":"[NbConvertApp] Writing 454554 bytes to __notebook__.ipynb\n"}
,{"stream_name":"stderr","time":355.021879779,"data":"[NbConvertApp] Converting notebook __notebook__.ipynb to html\n"}
,{"stream_name":"stderr","time":355.648846671,"data":"[NbConvertApp] Writing 737325 bytes to __results__.html\n"}
]