[{"stream_name":"stderr","time":5.363552199,"data":"/usr/local/lib/python3.13/dist-packages/nbformat/validator.py:434: MissingIDFieldWarning: Cell is missing an id field, this will become a hard error in future nbformat versions. You may want to use `normalize()` on your notebooks before validations (available since nbformat 5.1.4). Previous versions of nbformat are fixing this issue transparently, and will stop doing so in the future.\n"}
,{"stream_name":"stderr","time":5.363590276,"data":"  _validate(nbdict, ref, version, version_minor, relax_add_props)\n"}
,{"stream_name":"stderr","time":6.148120006,"data":"0.00s - Debugger warning: It seems that frozen modules are being used, which may\n"}
,{"stream_name":"stderr","time":6.148167301,"data":"0.00s - make the debugger miss breakpoints. Please pass -Xfrozen_modules=off\n"}
,{"stream_name":"stderr","time":6.148175091,"data":"0.00s - to python to disable frozen modules.\n"}
,{"stream_name":"stderr","time":6.148180716,"data":"0.00s - Note: Debugging will proceed. Set PYDEVD_DISABLE_FILE_VALIDATION=1 to disable this validation.\n"}
,{"stream_name":"stderr","time":6.7310554190000005,"data":"0.00s - Debugger warning: It seems that frozen modules are being used, which may\n"}
,{"stream_name":"stderr","time":6.731096366,"data":"0.00s - make the debugger miss breakpoints. Please pass -Xfrozen_modules=off\n"}
,{"stream_name":"stderr","time":6.731101886,"data":"0.00s - to python to disable frozen modules.\n"}
,{"stream_name":"stderr","time":6.731106064,"data":"0.00s - Note: Debugging will proceed. Set PYDEVD_DISABLE_FILE_VALIDATION=1 to disable this validation.\n"}
,{"stream_name":"stdout","time":9.185265913,"data":"Tesla T4, 15360 MiB\n"}
,{"stream_name":"stdout","time":9.185319533,"data":"Tesla T4, 15360 MiB\n"}
,{"stream_name":"stdout","time":9.185325094,"data":"\n"}
,{"stream_name":"stdout","time":152.367106711,"data":"........................................................................ [ 30%]\n"}
,{"stream_name":"stdout","time":152.367144438,"data":"................................ss...................................... [ 61%]\n"}
,{"stream_name":"stdout","time":152.367150456,"data":"........................................................................ [ 92%]\n"}
,{"stream_name":"stdout","time":152.367155471,"data":".................                                                        [100%]\n"}
,{"stream_name":"stdout","time":152.367160562,"data":"=============================== warnings summary ===============================\n"}
,{"stream_name":"stdout","time":152.367165537,"data":"tests/test_decision_evaluate.py::test_tfidf_baseline_column_alignment\n"}
,{"stream_name":"stdout","time":152.367170519,"data":"tests/test_decision_evaluate.py::test_tfidf_baseline_missing_class\n"}
,{"stream_name":"stdout","time":152.367175871,"data":"tests/test_decision_evaluate.py::test_dataset_suite_end_to_end\n"}
,{"stream_name":"stdout","time":152.367181015,"data":"  /usr/local/lib/python3.13/dist-packages/sklearn/linear_model/_logistic.py:451: DeprecationWarning: scipy.optimize: The `disp` and `iprint` options of the L-BFGS-B solver are deprecated and will be removed in SciPy 1.18.0.\n"}
,{"stream_name":"stdout","time":152.367187604,"data":"    opt_res = optimize.minimize(\n"}
,{"stream_name":"stdout","time":152.367192089,"data":"\n"}
,{"stream_name":"stdout","time":152.367196406,"data":"-- Docs: https://docs.pytest.org/en/stable/how-to/capture-warnings.html\n"}
,{"stream_name":"stdout","time":152.367201707,"data":"231 passed, 2 skipped, 3 warnings in 135.94s (0:02:15)\n"}
,{"stream_name":"stdout","time":152.367206764,"data":"\n"}
,{"stream_name":"stdout","time":155.951984757,"data":"   ━━━━━━━━━━━━━━━━━━━━━━━━━━━━━━━━━━━━━━━━ 740.6/740.6 kB 4.3 MB/s eta 0:00:00\n"}
,{"stream_name":"stdout","time":156.154263218,"data":"   ━━━━━━━━━━━━━━━━━━━━━━━━━━━━━━━━━━━━━━━━ 740.6/740.6 kB 4.3 MB/s eta 0:00:00\n"}
,{"stream_name":"stdout","time":156.250036964,"data":"   ━━━━━━━━━━━━━━━━━━━━━━━━━━━━━━━━━━━━━━━━ 12.6/12.6 MB 67.3 MB/s eta 0:00:00\n"}
,{"stream_name":"stdout","time":156.329515023,"data":"   ━━━━━━━━━━━━━━━━━━━━━━━━━━━━━━━━━━━━━━━━ 846.4/846.4 kB 30.8 MB/s eta 0:00:00\n"}
,{"stream_name":"stdout","time":156.452247692,"data":"   ━━━━━━━━━━━━━━━━━━━━━━━━━━━━━━━━━━━━━━━━ 12.6/12.6 MB 67.3 MB/s eta 0:00:00\n"}
,{"stream_name":"stdout","time":156.452296489,"data":"   ━━━━━━━━━━━━━━━━━━━━━━━━━━━━━━━━━━━━━━━━ 846.4/846.4 kB 30.8 MB/s eta 0:00:00\n"}
,{"stream_name":"stderr","time":190.805141019,"data":"Warning: You are sending unauthenticated requests to the HF Hub. Please set a HF_TOKEN to enable higher rate limits and faster downloads.\n"}
,{"stream_name":"stderr","time":190.805174547,"data":"\n"}
,{"stream_name":"stderr","time":190.805179827,"data":"Warning: You are sending unauthenticated requests to the HF Hub. Please set a HF_TOKEN to enable higher rate limits and faster downloads.\n"}
,{"stream_name":"stdout","time":221.759736695,"data":"datasets path failed: HfUriError(\"Invalid HF URI 'hf://datasets/clinc_oos@155b9c710419136e17307b80d0a13e68cd46b4ec/.huggingface.yaml'. Repository id must be 'name\n"}
,{"stream_name":"stdout","time":222.02724691,"data":"source: github json | train 15000 | val 3100 | test 5500\n"}
,{"stream_name":"stdout","time":300.025988624,"data":"peak cuda GiB: 0.88\n"}
,{"stream_name":"stdout","time":310.967114329,"data":"cosine calibration: {\n"}
,{"stream_name":"stdout","time":310.967154483,"data":" \"t_prob\": 0.25,\n"}
,{"stream_name":"stdout","time":310.967158893,"data":" \"tau_answer\": 0.015279530048182147,\n"}
,{"stream_name":"stdout","time":310.967162046,"data":" \"qhat\": 0.02393932927923971,\n"}
,{"stream_name":"stdout","time":310.967164929,"data":" \"t_set\": 1.0,\n"}
,{"stream_name":"stdout","time":310.967167809,"data":" \"n_A\": 1497,\n"}
,{"stream_name":"stdout","time":310.967170666,"data":" \"n_B\": 1503,\n"}
,{"stream_name":"stdout","time":310.967173461,"data":" \"tau_in_schema\": 0.6991039514541626\n"}
,{"stream_name":"stdout","time":310.967177248,"data":"}\n"}
,{"stream_name":"stdout","time":311.645921654,"data":"cosine leg: {\"actions\": {\"escalate\": 3648, \"answer\": 1797, \"clarify\": 55}, \"resolved\": 0.482, \"encodes\": 5555, \"cov_hits\": 4113, \"n_in\": 4500, \"encodes_per_item\": 1.01, \"set_coverage_in_scope\": 0.914}\n"}
,{"stream_name":"stdout","time":314.891882216,"data":"head: {'best_val_loss': 0.09621404856443405, 'epochs_run': 27, 'n_train': 13500, 'n_classes': 150}\n"}
,{"stream_name":"stdout","time":314.891948151,"data":"TaskHead in-scope accuracy: 0.969\n"}
,{"stream_name":"stdout","time":314.891954415,"data":"head calibration: {\n"}
,{"stream_name":"stdout","time":314.891958585,"data":" \"t_prob\": 0.8548387096774194,\n"}
,{"stream_name":"stdout","time":314.891962806,"data":" \"tau_answer\": 0.2898013667933294,\n"}
,{"stream_name":"stdout","time":314.8919674,"data":" \"qhat\": 0.9998559212068684,\n"}
,{"stream_name":"stdout","time":314.891971555,"data":" \"t_set\": 1.0,\n"}
,{"stream_name":"stdout","time":314.891975773,"data":" \"n_A\": 1497,\n"}
,{"stream_name":"stdout","time":314.892003643,"data":" \"n_B\": 1503,\n"}
,{"stream_name":"stdout","time":314.892022801,"data":" \"tau_in_schema\": 9.803707122802734\n"}
,{"stream_name":"stdout","time":314.892027236,"data":"}\n"}
,{"stream_name":"stdout","time":315.47526037,"data":"head leg: {\"actions\": {\"answer\": 4381, \"escalate\": 1119}, \"resolved\": 0.931, \"encodes\": 5500, \"cov_hits\": 4498, \"n_in\": 4500, \"encodes_per_item\": 1.0, \"set_coverage_in_scope\": 1.0}\n"}
,{"stream_name":"stdout","time":315.623590418,"data":"bundle round-trip: 200/200 identical\n"}
,{"stream_name":"stderr","time":316.703501857,"data":"Repo card metadata block was not found. Setting CardData to empty.\n"}
,{"stream_name":"stderr","time":316.703531878,"data":"\n"}
,{"stream_name":"stderr","time":316.703536099,"data":"Repo card metadata block was not found. Setting CardData to empty.\n"}
,{"stream_name":"stdout","time":348.282962417,"data":"ordinal: acc 0.432 mae 0.732 | zeroshot: acc 0.318 mae 0.875\n"}
,{"stream_name":"stdout","time":369.163559459,"data":"'i need to cancel my flight tomorrow'\n"}
,{"stream_name":"stdout","time":369.163608311,"data":"  -\u003e action=escalate top=0.334 set=['cancel reservation', 'pto request', 'book flight', 'goodbye']\n"}
,{"stream_name":"stdout","time":369.163615004,"data":"'what is the balance on my account'\n"}
,{"stream_name":"stdout","time":369.163620274,"data":"  -\u003e action=answer top=0.997 set=['balance', 'bill balance', 'account blocked', 'credit limit']\n"}
,{"stream_name":"stdout","time":369.16362636,"data":"'how do i activate my new card'\n"}
,{"stream_name":"stdout","time":369.163631452,"data":"  -\u003e action=escalate top=0.970 set=['new card', 'redeem rewards', 'greeting', 'replacement card duration']\n"}
,{"stream_name":"stdout","time":369.163636832,"data":"'i lost my wallet on the bus yesterday'\n"}
,{"stream_name":"stdout","time":369.163641847,"data":"  -\u003e action=escalate top=0.217 set=['lost luggage', 'spending history', 'goodbye', 'report lost card']\n"}
,{"stream_name":"stdout","time":369.163647206,"data":"'when will my paycheck arrive'\n"}
,{"stream_name":"stdout","time":369.163651838,"data":"  -\u003e action=answer top=0.998 set=['payday', 'income', 'bill due', 'order status']\n"}
,{"stream_name":"stdout","time":369.163656418,"data":"'can you transfer two hundred dollars to my savings'\n"}
,{"stream_name":"stdout","time":369.163661592,"data":"  -\u003e action=answer top=1.000 set=['transfer', 'balance', 'account blocked', 'definition']\n"}
,{"stream_name":"stdout","time":369.16366686,"data":"'why was my card declined at the store'\n"}
,{"stream_name":"stdout","time":369.163672148,"data":"  -\u003e action=answer top=1.000 set=['card declined', 'account blocked']\n"}
,{"stream_name":"stdout","time":369.163677358,"data":"'i want to dispute this charge i never made'\n"}
,{"stream_name":"stdout","time":369.16368306,"data":"  -\u003e action=escalate top=0.774 set=['report fraud', 'cancel', 'no', 'spending history']\n"}
,{"stream_name":"stdout","time":369.163687697,"data":"'do you do currency exchange for euros'\n"}
,{"stream_name":"stdout","time":369.16369226,"data":"  -\u003e action=answer top=0.999 set=['exchange rate', 'plug type', 'transfer', 'change language']\n"}
,{"stream_name":"stdout","time":369.163697246,"data":"'my phone was stolen and i need to freeze everything'\n"}
,{"stream_name":"stdout","time":369.163702564,"data":"  -\u003e action=escalate top=0.461 set=['sync device', 'freeze account', 'find phone', 'report fraud']\n"}
,{"stream_name":"stdout","time":369.16370751,"data":"'tell me something completely unrelated to banking intents xyz'\n"}
,{"stream_name":"stdout","time":369.163725473,"data":"  -\u003e action=escalate top=0.364 set=['no', 'what can i ask you', 'meaning of life', 'fun fact']\n"}
,{"stream_name":"stdout","time":369.163730679,"data":"'blorple snizzle wumpus quack'\n"}
,{"stream_name":"stdout","time":369.163734432,"data":"  -\u003e action=escalate top=0.111 set=['tell joke', 'repeat', 'whisper mode', 'cancel']\n"}
,{"stream_name":"stdout","time":388.43118856,"data":"serve: POST /decide -\u003e escalate (967ms) | stats: 1 req, p50=967ms\n"}
,{"stream_name":"stdout","time":404.414038987,"data":"cosine     acc=0.756 log=4.287 brier=0.978 ece=0.741\n"}
,{"stream_name":"stdout","time":404.414076811,"data":"taskhead   acc=0.969 log=0.118 brier=0.046 ece=0.006\n"}
,{"stream_name":"stdout","time":404.414083429,"data":"tfidf_lr   acc=0.906 log=0.687 brier=0.230 ece=0.235\n"}
,{"stream_name":"stdout","time":411.880078517,"data":"cosine     acc=0.756 [0.744,0.768] aurc=0.1135 ece15=0.741 acc@80=0.834\n"}
,{"stream_name":"stdout","time":411.880115589,"data":"taskhead   acc=0.969 [0.964,0.974] aurc=0.0026 ece15=0.006 acc@80=0.996\n"}
,{"stream_name":"stdout","time":411.880124991,"data":"tfidf_lr   acc=0.906 [0.898,0.914] aurc=0.0180 ece15=0.235 acc@80=0.969\n"}
,{"stream_name":"stdout","time":412.491070807,"data":"acc by nearest-train-similarity band: {\n"}
,{"stream_name":"stdout","time":412.491121303,"data":" \"[-1,0.8)\": {\n"}
,{"stream_name":"stdout","time":412.491128326,"data":"  \"n\": 190,\n"}
,{"stream_name":"stdout","time":412.491133548,"data":"  \"acc\": 0.9105263157894737\n"}
,{"stream_name":"stdout","time":412.49113984,"data":" },\n"}
,{"stream_name":"stdout","time":412.491144992,"data":" \"[0.8,0.9)\": {\n"}
,{"stream_name":"stdout","time":412.491150524,"data":"  \"n\": 1350,\n"}
,{"stream_name":"stdout","time":412.491155621,"data":"  \"acc\": 0.9422222222222222\n"}
,{"stream_name":"stdout","time":412.491160829,"data":" },\n"}
,{"stream_name":"stdout","time":412.49116628,"data":" \"[0.9,0.95)\": {\n"}
,{"stream_name":"stdout","time":412.491171404,"data":"  \"n\": 1146,\n"}
,{"stream_name":"stdout","time":412.491176636,"data":"  \"acc\": 0.9729493891797557\n"}
,{"stream_name":"stdout","time":412.491182497,"data":" },\n"}
,{"stream_name":"stdout","time":412.491187619,"data":" \"[0.95,1.01)\": {\n"}
,{"stream_name":"stdout","time":412.491192576,"data":"  \"n\": 1814,\n"}
,{"stream_name":"stdout","time":412.491197525,"data":"  \"acc\": 0.9933847850055126\n"}
,{"stream_name":"stdout","time":412.491203241,"data":" }\n"}
,{"stream_name":"stdout","time":412.491209693,"data":"}\n"}
,{"stream_name":"stdout","time":432.119931611,"data":"banking77        k= 77 head=0.930 cos=0.929 tfidf=0.731\n"}
,{"stream_name":"stdout","time":454.687523117,"data":"emotion          k=  6 head=0.625 cos=0.498 tfidf=0.580\n"}
,{"stream_name":"stdout","time":479.80829713,"data":"tweet_emotion    k=  4 head=0.798 cos=0.756 tfidf=0.565\n"}
,{"stream_name":"stdout","time":508.013071552,"data":"tweet_sentiment  k=  3 head=0.666 cos=0.575 tfidf=0.488\n"}
,{"stream_name":"stdout","time":537.981263086,"data":"tweet_hate       k=  2 head=0.586 cos=0.568 tfidf=0.529\n"}
,{"stream_name":"stdout","time":558.194615746,"data":"sst2             k=  2 head=0.847 cos=0.854 tfidf=0.682\n"}
,{"stream_name":"stdout","time":604.316138163,"data":"ag_news          k=  4 head=0.869 cos=0.614 tfidf=0.786\n"}
,{"stream_name":"stdout","time":669.553611409,"data":"dbpedia_14       k= 14 head=0.970 cos=0.776 tfidf=0.927\n"}
,{"stream_name":"stdout","time":713.973551982,"data":"mnli             k=  3 head=0.449 cos=0.368 tfidf=0.379\n"}
,{"stream_name":"stdout","time":720.332426521,"data":"static                 esc 0.032-\u003e0.275 unsafe 0.143\n"}
,{"stream_name":"stdout","time":720.332472263,"data":"glial                  esc 0.080-\u003e0.743 unsafe 0.087\n"}
,{"stream_name":"stdout","time":720.332476416,"data":"recalibrate(delay=200) esc 0.032-\u003e0.275 unsafe 0.305\n"}
,{"stream_name":"stdout","time":720.332478776,"data":"recalibrate(delay=0)   esc 0.032-\u003e0.275 unsafe 0.137\n"}
,{"stream_name":"stdout","time":720.532951195,"data":"'i need to cancel my flight tomorrow'\n"}
,{"stream_name":"stdout","time":720.532988511,"data":"  -\u003e action=escalate top=0.010 set=['cancel', 'book flight', 'insurance change', 'income']\n"}
,{"stream_name":"stdout","time":720.532992156,"data":"\n"}
,{"stream_name":"stdout","time":720.647798034,"data":"'what is the balance on my account'\n"}
,{"stream_name":"stdout","time":720.647822806,"data":"  -\u003e action=answer top=0.016 set=['balance', 'bill balance', 'rewards balance']\n"}
,{"stream_name":"stdout","time":720.647828019,"data":"\n"}
,{"stream_name":"stdout","time":720.647831403,"data":"'tell me something completely unrelated to banking intents xyz'\n"}
,{"stream_name":"stdout","time":720.647834926,"data":"  -\u003e action=escalate top=0.011 set=['no', 'what can i ask you', 'meaning of life', 'definition']\n"}
,{"stream_name":"stdout","time":720.647838641,"data":"\n"}
,{"stream_name":"stdout","time":720.70817235,"data":"{\n"}
,{"stream_name":"stdout","time":720.708199967,"data":"  \"suite_green_on_kaggle\": true,\n"}
,{"stream_name":"stdout","time":720.708205608,"data":"  \"cosine_resolved_in_band\": true,\n"}
,{"stream_name":"stdout","time":720.708209022,"data":"  \"head_resolved_in_band\": true,\n"}
,{"stream_name":"stdout","time":720.708212291,"data":"  \"coverage_in_band\": true,\n"}
,{"stream_name":"stdout","time":720.7082156,"data":"  \"head_coverage_reported\": 0.9995555555555555,\n"}
,{"stream_name":"stdout","time":720.708218887,"data":"  \"head_acc_in_band\": true,\n"}
,{"stream_name":"stdout","time":720.708222298,"data":"  \"bundle_roundtrip_identical\": true,\n"}
,{"stream_name":"stdout","time":720.708225575,"data":"  \"ordinal_ran\": true,\n"}
,{"stream_name":"stdout","time":720.7082288,"data":"  \"ordinal_beats_zeroshot\": true,\n"}
,{"stream_name":"stdout","time":720.708232077,"data":"  \"cli_ran\": true,\n"}
,{"stream_name":"stdout","time":720.70823532,"data":"  \"cli_inputs\": 12,\n"}
,{"stream_name":"stdout","time":720.7082384,"data":"  \"serve_ran\": true,\n"}
,{"stream_name":"stdout","time":720.708241692,"data":"  \"baselines_ran\": true,\n"}
,{"stream_name":"stdout","time":720.708245721,"data":"  \"head_beats_tfidf_acc\": true,\n"}
,{"stream_name":"stdout","time":720.708249904,"data":"  \"rigor_ran\": true,\n"}
,{"stream_name":"stdout","time":720.708253715,"data":"  \"memorization_ran\": true,\n"}
,{"stream_name":"stdout","time":720.708256973,"data":"  \"breadth_ran\": true,\n"}
,{"stream_name":"stdout","time":720.708260108,"data":"  \"breadth_datasets\": 9,\n"}
,{"stream_name":"stdout","time":720.708263595,"data":"  \"cross_task_ran\": true,\n"}
,{"stream_name":"stdout","time":720.708266911,"data":"  \"cross_task_glial_safer\": true,\n"}
,{"stream_name":"stdout","time":720.708270281,"data":"  \"breadth_head_ge_tfidf\": true\n"}
,{"stream_name":"stdout","time":720.708273764,"data":"}\n"}
,{"stream_name":"stderr","time":726.026041487,"data":"/usr/local/lib/python3.13/dist-packages/mistune.py:435: SyntaxWarning: invalid escape sequence '\\|'\n"}
,{"stream_name":"stderr","time":726.026074941,"data":"  cells[i][c] = re.sub('\\\\\\\\\\|', '|', cell)\n"}
,{"stream_name":"stderr","time":726.19071658,"data":"/usr/local/lib/python3.13/dist-packages/nbconvert/filters/filter_links.py:36: SyntaxWarning: invalid escape sequence '\\_'\n"}
,{"stream_name":"stderr","time":726.190743641,"data":"  text = re.sub(r'_', '\\_', text) # Escape underscores in display text\n"}
,{"stream_name":"stderr","time":726.979827996,"data":"[NbConvertApp] Converting notebook __notebook__.ipynb to notebook\n"}
,{"stream_name":"stderr","time":727.245190441,"data":"[NbConvertApp] Writing 1642879 bytes to __notebook__.ipynb\n"}
,{"stream_name":"stderr","time":729.831473103,"data":"[NbConvertApp] Converting notebook __notebook__.ipynb to html\n"}
,{"stream_name":"stderr","time":730.781670839,"data":"[NbConvertApp] Writing 1763016 bytes to __results__.html\n"}
]