[{"stream_name":"stderr","time":5.998486837,"data":"/usr/local/lib/python3.13/dist-packages/nbformat/validator.py:434: MissingIDFieldWarning: Cell is missing an id field, this will become a hard error in future nbformat versions. You may want to use `normalize()` on your notebooks before validations (available since nbformat 5.1.4). Previous versions of nbformat are fixing this issue transparently, and will stop doing so in the future.\n"}
,{"stream_name":"stderr","time":5.998516534,"data":"  _validate(nbdict, ref, version, version_minor, relax_add_props)\n"}
,{"stream_name":"stderr","time":6.88308784,"data":"0.00s - Debugger warning: It seems that frozen modules are being used, which may\n"}
,{"stream_name":"stderr","time":6.88311938,"data":"0.00s - make the debugger miss breakpoints. Please pass -Xfrozen_modules=off\n"}
,{"stream_name":"stderr","time":6.883124992,"data":"0.00s - to python to disable frozen modules.\n"}
,{"stream_name":"stderr","time":6.8831290339999995,"data":"0.00s - Note: Debugging will proceed. Set PYDEVD_DISABLE_FILE_VALIDATION=1 to disable this validation.\n"}
,{"stream_name":"stderr","time":7.471884128,"data":"0.00s - Debugger warning: It seems that frozen modules are being used, which may\n"}
,{"stream_name":"stderr","time":7.471916857,"data":"0.00s - make the debugger miss breakpoints. Please pass -Xfrozen_modules=off\n"}
,{"stream_name":"stderr","time":7.471920974,"data":"0.00s - to python to disable frozen modules.\n"}
,{"stream_name":"stderr","time":7.471923399,"data":"0.00s - Note: Debugging will proceed. Set PYDEVD_DISABLE_FILE_VALIDATION=1 to disable this validation.\n"}
,{"stream_name":"stdout","time":10.752891773,"data":"Tesla T4, 15360 MiB\n"}
,{"stream_name":"stdout","time":10.752923841,"data":"Tesla T4, 15360 MiB\n"}
,{"stream_name":"stdout","time":10.752928429,"data":"\n"}
,{"stream_name":"stdout","time":150.492775366,"data":"........................................................................ [ 25%]\n"}
,{"stream_name":"stdout","time":150.492821464,"data":"..................................................................ss.... [ 51%]\n"}
,{"stream_name":"stdout","time":150.492827887,"data":"........................................................................ [ 77%]\n"}
,{"stream_name":"stdout","time":150.492832278,"data":"..............................................................           [100%]\n"}
,{"stream_name":"stdout","time":150.492836559,"data":"=============================== warnings summary ===============================\n"}
,{"stream_name":"stdout","time":150.492840774,"data":"tests/test_decision_evaluate.py::test_tfidf_baseline_column_alignment\n"}
,{"stream_name":"stdout","time":150.492844973,"data":"tests/test_decision_evaluate.py::test_tfidf_baseline_missing_class\n"}
,{"stream_name":"stdout","time":150.492849111,"data":"tests/test_decision_evaluate.py::test_dataset_suite_end_to_end\n"}
,{"stream_name":"stdout","time":150.492858812,"data":"  /usr/local/lib/python3.13/dist-packages/sklearn/linear_model/_logistic.py:451: DeprecationWarning: scipy.optimize: The `disp` and `iprint` options of the L-BFGS-B solver are deprecated and will be removed in SciPy 1.18.0.\n"}
,{"stream_name":"stdout","time":150.49286284,"data":"    opt_res = optimize.minimize(\n"}
,{"stream_name":"stdout","time":150.492865483,"data":"\n"}
,{"stream_name":"stdout","time":150.492868177,"data":"-- Docs: https://docs.pytest.org/en/stable/how-to/capture-warnings.html\n"}
,{"stream_name":"stdout","time":150.492870993,"data":"276 passed, 2 skipped, 3 warnings in 131.38s (0:02:11)\n"}
,{"stream_name":"stdout","time":150.492873755,"data":"\n"}
,{"stream_name":"stdout","time":153.771325065,"data":"   ━━━━━━━━━━━━━━━━━━━━━━━━━━━━━━━━━━━━━━━━ 740.6/740.6 kB 23.6 MB/s eta 0:00:00\n"}
,{"stream_name":"stdout","time":153.892539774,"data":"   ━━━━━━━━━━━━━━━━━━━━━━━━━━━━━━━━━━━━━━━━ 12.6/12.6 MB 98.7 MB/s eta 0:00:00\n"}
,{"stream_name":"stdout","time":153.92771104,"data":"   ━━━━━━━━━━━━━━━━━━━━━━━━━━━━━━━━━━━━━━━━ 846.4/846.4 kB 29.8 MB/s eta 0:00:00\n"}
,{"stream_name":"stdout","time":153.973151783,"data":"   ━━━━━━━━━━━━━━━━━━━━━━━━━━━━━━━━━━━━━━━━ 740.6/740.6 kB 23.6 MB/s eta 0:00:00\n"}
,{"stream_name":"stdout","time":153.973177868,"data":"   ━━━━━━━━━━━━━━━━━━━━━━━━━━━━━━━━━━━━━━━━ 12.6/12.6 MB 98.7 MB/s eta 0:00:00\n"}
,{"stream_name":"stdout","time":153.973183103,"data":"   ━━━━━━━━━━━━━━━━━━━━━━━━━━━━━━━━━━━━━━━━ 846.4/846.4 kB 29.8 MB/s eta 0:00:00\n"}
,{"stream_name":"stderr","time":193.127427838,"data":"Warning: You are sending unauthenticated requests to the HF Hub. Please set a HF_TOKEN to enable higher rate limits and faster downloads.\n"}
,{"stream_name":"stderr","time":193.127463521,"data":"\n"}
,{"stream_name":"stderr","time":193.127469754,"data":"Warning: You are sending unauthenticated requests to the HF Hub. Please set a HF_TOKEN to enable higher rate limits and faster downloads.\n"}
,{"stream_name":"stdout","time":210.972560584,"data":"datasets path failed: HfUriError(\"Invalid HF URI 'hf://datasets/clinc_oos@155b9c710419136e17307b80d0a13e68cd46b4ec/.huggingface.yaml'. Repository id must be 'name\n"}
,{"stream_name":"stdout","time":211.088025935,"data":"source: github json | train 15000 | val 3100 | test 5500\n"}
,{"stream_name":"stdout","time":291.182208218,"data":"peak cuda GiB: 0.88\n"}
,{"stream_name":"stdout","time":303.342485593,"data":"cosine calibration: {\n"}
,{"stream_name":"stdout","time":303.342519925,"data":" \"t_prob\": 0.25,\n"}
,{"stream_name":"stdout","time":303.342526611,"data":" \"tau_answer\": 0.015279530048182147,\n"}
,{"stream_name":"stdout","time":303.342531479,"data":" \"qhat\": 0.02393932927923971,\n"}
,{"stream_name":"stdout","time":303.342535951,"data":" \"t_set\": 1.0,\n"}
,{"stream_name":"stdout","time":303.342541955,"data":" \"n_A\": 1497,\n"}
,{"stream_name":"stdout","time":303.342550681,"data":" \"n_B\": 1503,\n"}
,{"stream_name":"stdout","time":303.342553704,"data":" \"tau_in_schema\": 0.6991039514541626\n"}
,{"stream_name":"stdout","time":303.342557068,"data":"}\n"}
,{"stream_name":"stdout","time":304.100404194,"data":"cosine leg: {\"actions\": {\"escalate\": 3648, \"answer\": 1797, \"clarify\": 55}, \"resolved\": 0.482, \"encodes\": 5555, \"cov_hits\": 4113, \"n_in\": 4500, \"encodes_per_item\": 1.01, \"set_coverage_in_scope\": 0.914}\n"}
,{"stream_name":"stdout","time":307.585794212,"data":"head: {'best_val_loss': 0.09621404856443405, 'epochs_run': 27, 'n_train': 13500, 'n_classes': 150}\n"}
,{"stream_name":"stdout","time":307.585831783,"data":"TaskHead in-scope accuracy: 0.969\n"}
,{"stream_name":"stdout","time":307.585839119,"data":"head calibration: {\n"}
,{"stream_name":"stdout","time":307.585844784,"data":" \"t_prob\": 0.8548387096774194,\n"}
,{"stream_name":"stdout","time":307.585850465,"data":" \"tau_answer\": 0.2898013667933294,\n"}
,{"stream_name":"stdout","time":307.58585573,"data":" \"qhat\": 0.9998559212068684,\n"}
,{"stream_name":"stdout","time":307.585861199,"data":" \"t_set\": 1.0,\n"}
,{"stream_name":"stdout","time":307.585866572,"data":" \"n_A\": 1497,\n"}
,{"stream_name":"stdout","time":307.585889833,"data":" \"n_B\": 1503,\n"}
,{"stream_name":"stdout","time":307.585894052,"data":" \"tau_in_schema\": 9.803707122802734\n"}
,{"stream_name":"stdout","time":307.585897975,"data":"}\n"}
,{"stream_name":"stdout","time":308.276721342,"data":"head leg: {\"actions\": {\"answer\": 4381, \"escalate\": 1119}, \"resolved\": 0.931, \"encodes\": 5500, \"cov_hits\": 4498, \"n_in\": 4500, \"encodes_per_item\": 1.0, \"set_coverage_in_scope\": 1.0}\n"}
,{"stream_name":"stdout","time":308.440836902,"data":"bundle round-trip: 200/200 identical\n"}
,{"stream_name":"stderr","time":308.601794699,"data":"Repo card metadata block was not found. Setting CardData to empty.\n"}
,{"stream_name":"stderr","time":308.601825247,"data":"\n"}
,{"stream_name":"stderr","time":308.601845204,"data":"Repo card metadata block was not found. Setting CardData to empty.\n"}
,{"stream_name":"stdout","time":339.317473741,"data":"ordinal: acc 0.432 mae 0.732 | zeroshot: acc 0.318 mae 0.875\n"}
,{"stream_name":"stdout","time":357.35797103,"data":"'i need to cancel my flight tomorrow'\n"}
,{"stream_name":"stdout","time":357.358034506,"data":"  -\u003e action=escalate top=0.334 set=['cancel reservation', 'pto request', 'book flight', 'goodbye']\n"}
,{"stream_name":"stdout","time":357.358042605,"data":"'what is the balance on my account'\n"}
,{"stream_name":"stdout","time":357.35804797,"data":"  -\u003e action=answer top=0.997 set=['balance', 'bill balance', 'account blocked', 'credit limit']\n"}
,{"stream_name":"stdout","time":357.358053041,"data":"'how do i activate my new card'\n"}
,{"stream_name":"stdout","time":357.358058078,"data":"  -\u003e action=escalate top=0.970 set=['new card', 'redeem rewards', 'greeting', 'replacement card duration']\n"}
,{"stream_name":"stdout","time":357.358062628,"data":"'i lost my wallet on the bus yesterday'\n"}
,{"stream_name":"stdout","time":357.358066729,"data":"  -\u003e action=escalate top=0.217 set=['lost luggage', 'spending history', 'goodbye', 'report lost card']\n"}
,{"stream_name":"stdout","time":357.358070979,"data":"'when will my paycheck arrive'\n"}
,{"stream_name":"stdout","time":357.35807496,"data":"  -\u003e action=answer top=0.998 set=['payday', 'income', 'bill due', 'order status']\n"}
,{"stream_name":"stdout","time":357.358079136,"data":"'can you transfer two hundred dollars to my savings'\n"}
,{"stream_name":"stdout","time":357.358085303,"data":"  -\u003e action=answer top=1.000 set=['transfer', 'balance', 'account blocked', 'definition']\n"}
,{"stream_name":"stdout","time":357.358093084,"data":"'why was my card declined at the store'\n"}
,{"stream_name":"stdout","time":357.358095899,"data":"  -\u003e action=answer top=1.000 set=['card declined', 'account blocked']\n"}
,{"stream_name":"stdout","time":357.358098681,"data":"'i want to dispute this charge i never made'\n"}
,{"stream_name":"stdout","time":357.358101348,"data":"  -\u003e action=escalate top=0.774 set=['report fraud', 'cancel', 'no', 'spending history']\n"}
,{"stream_name":"stdout","time":357.358104133,"data":"'do you do currency exchange for euros'\n"}
,{"stream_name":"stdout","time":357.35812123,"data":"  -\u003e action=answer top=0.999 set=['exchange rate', 'plug type', 'transfer', 'change language']\n"}
,{"stream_name":"stdout","time":357.35812674,"data":"'my phone was stolen and i need to freeze everything'\n"}
,{"stream_name":"stdout","time":357.358131568,"data":"  -\u003e action=escalate top=0.461 set=['sync device', 'freeze account', 'find phone', 'report fraud']\n"}
,{"stream_name":"stdout","time":357.358136712,"data":"'tell me something completely unrelated to banking intents xyz'\n"}
,{"stream_name":"stdout","time":357.358159189,"data":"  -\u003e action=escalate top=0.364 set=['no', 'what can i ask you', 'meaning of life', 'fun fact']\n"}
,{"stream_name":"stdout","time":357.358163178,"data":"'blorple snizzle wumpus quack'\n"}
,{"stream_name":"stdout","time":357.358166298,"data":"  -\u003e action=escalate top=0.111 set=['tell joke', 'repeat', 'whisper mode', 'cancel']\n"}
,{"stream_name":"stdout","time":373.793901537,"data":"serve: POST /decide -\u003e escalate (1041ms) | stats: 1 req, p50=1041ms\n"}
,{"stream_name":"stdout","time":390.447530574,"data":"cosine     acc=0.756 log=4.287 brier=0.978 ece=0.741\n"}
,{"stream_name":"stdout","time":390.447569579,"data":"taskhead   acc=0.969 log=0.118 brier=0.046 ece=0.006\n"}
,{"stream_name":"stdout","time":390.447581604,"data":"tfidf_lr   acc=0.906 log=0.687 brier=0.230 ece=0.235\n"}
,{"stream_name":"stdout","time":397.543716535,"data":"cosine     acc=0.756 [0.744,0.768] aurc=0.1135 ece15=0.741 acc@80=0.834\n"}
,{"stream_name":"stdout","time":397.543753666,"data":"taskhead   acc=0.969 [0.964,0.974] aurc=0.0026 ece15=0.006 acc@80=0.996\n"}
,{"stream_name":"stdout","time":397.543760158,"data":"tfidf_lr   acc=0.906 [0.898,0.914] aurc=0.0180 ece15=0.235 acc@80=0.969\n"}
,{"stream_name":"stdout","time":398.117483673,"data":"acc by nearest-train-similarity band: {\n"}
,{"stream_name":"stdout","time":398.117514655,"data":" \"[-1,0.8)\": {\n"}
,{"stream_name":"stdout","time":398.117544,"data":"  \"n\": 190,\n"}
,{"stream_name":"stdout","time":398.117550958,"data":"  \"acc\": 0.9105263157894737\n"}
,{"stream_name":"stdout","time":398.117555902,"data":" },\n"}
,{"stream_name":"stdout","time":398.117560929,"data":" \"[0.8,0.9)\": {\n"}
,{"stream_name":"stdout","time":398.117565857,"data":"  \"n\": 1350,\n"}
,{"stream_name":"stdout","time":398.117570786,"data":"  \"acc\": 0.9422222222222222\n"}
,{"stream_name":"stdout","time":398.117576099,"data":" },\n"}
,{"stream_name":"stdout","time":398.117580816,"data":" \"[0.9,0.95)\": {\n"}
,{"stream_name":"stdout","time":398.117585496,"data":"  \"n\": 1146,\n"}
,{"stream_name":"stdout","time":398.117590177,"data":"  \"acc\": 0.9729493891797557\n"}
,{"stream_name":"stdout","time":398.11759493,"data":" },\n"}
,{"stream_name":"stdout","time":398.117599745,"data":" \"[0.95,1.01)\": {\n"}
,{"stream_name":"stdout","time":398.117604873,"data":"  \"n\": 1814,\n"}
,{"stream_name":"stdout","time":398.117610434,"data":"  \"acc\": 0.9933847850055126\n"}
,{"stream_name":"stdout","time":398.117615561,"data":" }\n"}
,{"stream_name":"stdout","time":398.117620339,"data":"}\n"}
,{"stream_name":"stdout","time":414.496082328,"data":"banking77        k= 77 head=0.930 cos=0.929 tfidf=0.731\n"}
,{"stream_name":"stdout","time":434.461135367,"data":"emotion          k=  6 head=0.625 cos=0.498 tfidf=0.580\n"}
,{"stream_name":"stdout","time":456.08417923,"data":"tweet_emotion    k=  4 head=0.798 cos=0.756 tfidf=0.565\n"}
,{"stream_name":"stdout","time":481.715056538,"data":"tweet_sentiment  k=  3 head=0.666 cos=0.575 tfidf=0.488\n"}
,{"stream_name":"stdout","time":507.082346256,"data":"tweet_hate       k=  2 head=0.586 cos=0.568 tfidf=0.529\n"}
,{"stream_name":"stdout","time":522.854327707,"data":"sst2             k=  2 head=0.847 cos=0.854 tfidf=0.682\n"}
,{"stream_name":"stdout","time":566.143485203,"data":"ag_news          k=  4 head=0.869 cos=0.614 tfidf=0.786\n"}
,{"stream_name":"stdout","time":633.629490267,"data":"dbpedia_14       k= 14 head=0.970 cos=0.776 tfidf=0.927\n"}
,{"stream_name":"stdout","time":674.90151058,"data":"mnli             k=  3 head=0.449 cos=0.368 tfidf=0.379\n"}
,{"stream_name":"stdout","time":686.936612962,"data":"massive_intent_en k= 60 head=0.895 cos=0.888 tfidf=0.678\n"}
,{"stream_name":"stdout","time":692.041467932,"data":"static                 esc 0.032-\u003e0.275 unsafe 0.143\n"}
,{"stream_name":"stdout","time":692.041505874,"data":"glial                  esc 0.080-\u003e0.743 unsafe 0.087\n"}
,{"stream_name":"stdout","time":692.041511877,"data":"recalibrate(delay=200) esc 0.032-\u003e0.275 unsafe 0.305\n"}
,{"stream_name":"stdout","time":692.041516294,"data":"recalibrate(delay=0)   esc 0.032-\u003e0.275 unsafe 0.137\n"}
,{"stream_name":"stdout","time":692.241155555,"data":"'i need to cancel my flight tomorrow'\n"}
,{"stream_name":"stdout","time":692.241192292,"data":"  -\u003e action=escalate top=0.010 set=['cancel', 'book flight', 'insurance change', 'income']\n"}
,{"stream_name":"stdout","time":692.241196704,"data":"\n"}
,{"stream_name":"stdout","time":692.370834962,"data":"'what is the balance on my account'\n"}
,{"stream_name":"stdout","time":692.370895334,"data":"  -\u003e action=answer top=0.016 set=['balance', 'bill balance', 'rewards balance']\n"}
,{"stream_name":"stdout","time":692.370902124,"data":"\n"}
,{"stream_name":"stdout","time":692.370906321,"data":"'tell me something completely unrelated to banking intents xyz'\n"}
,{"stream_name":"stdout","time":692.370910132,"data":"  -\u003e action=escalate top=0.011 set=['no', 'what can i ask you', 'meaning of life', 'definition']\n"}
,{"stream_name":"stdout","time":692.370914977,"data":"\n"}
,{"stream_name":"stdout","time":709.92352377,"data":"logged 300 real decisions\n"}
,{"stream_name":"stdout","time":709.92355633,"data":"monitor: alerts=['escalate_rate 0.63 \u003e 0.6', 'top_prob KS=0.247 \u003e 0.15'] escalate=0.63\n"}
,{"stream_name":"stdout","time":709.923563986,"data":"handlers: {'escalate': 189, 'answer': 109, 'clarify': 2} | escalation queue lines 189\n"}
,{"stream_name":"stdout","time":709.923569606,"data":"retrain slice 1: 3900 items, 150 classes\n"}
,{"stream_name":"stdout","time":709.923574173,"data":"retrain slice 2: 4050 items, 150 classes\n"}
,{"stream_name":"stdout","time":755.317014873,"data":"registry: versions=['v1', 'v2'] v2.parent=v1 promote-\u003ev2 rollback-\u003ev1 now=v1\n"}
,{"stream_name":"stdout","time":755.317047522,"data":"shadow: n=300 agreement=0.370 failed=0 {'answer-\u003eanswer': 109, 'clarify-\u003eanswer': 2, 'escalate-\u003eanswer': 187, 'escalate-\u003eescalate': 2}\n"}
,{"stream_name":"stdout","time":755.377797125,"data":"{\n"}
,{"stream_name":"stdout","time":755.37784406,"data":"  \"suite_green_on_kaggle\": true,\n"}
,{"stream_name":"stdout","time":755.37785159,"data":"  \"cosine_resolved_in_band\": true,\n"}
,{"stream_name":"stdout","time":755.377856517,"data":"  \"head_resolved_in_band\": true,\n"}
,{"stream_name":"stdout","time":755.377862007,"data":"  \"coverage_in_band\": true,\n"}
,{"stream_name":"stdout","time":755.377867703,"data":"  \"head_coverage_reported\": 0.9995555555555555,\n"}
,{"stream_name":"stdout","time":755.377872926,"data":"  \"head_acc_in_band\": true,\n"}
,{"stream_name":"stdout","time":755.377877676,"data":"  \"bundle_roundtrip_identical\": true,\n"}
,{"stream_name":"stdout","time":755.37788247,"data":"  \"ordinal_ran\": true,\n"}
,{"stream_name":"stdout","time":755.377887151,"data":"  \"ordinal_beats_zeroshot\": true,\n"}
,{"stream_name":"stdout","time":755.377892002,"data":"  \"cli_ran\": true,\n"}
,{"stream_name":"stdout","time":755.377896785,"data":"  \"cli_inputs\": 12,\n"}
,{"stream_name":"stdout","time":755.377901593,"data":"  \"serve_ran\": true,\n"}
,{"stream_name":"stdout","time":755.377906565,"data":"  \"baselines_ran\": true,\n"}
,{"stream_name":"stdout","time":755.377911976,"data":"  \"head_beats_tfidf_acc\": true,\n"}
,{"stream_name":"stdout","time":755.377930372,"data":"  \"rigor_ran\": true,\n"}
,{"stream_name":"stdout","time":755.377934825,"data":"  \"memorization_ran\": true,\n"}
,{"stream_name":"stdout","time":755.377938526,"data":"  \"breadth_ran\": true,\n"}
,{"stream_name":"stdout","time":755.377942508,"data":"  \"breadth_datasets\": 10,\n"}
,{"stream_name":"stdout","time":755.377946046,"data":"  \"operate_ran\": true,\n"}
,{"stream_name":"stdout","time":755.377949736,"data":"  \"monitor_ran\": true,\n"}
,{"stream_name":"stdout","time":755.377953513,"data":"  \"handlers_ran\": true,\n"}
,{"stream_name":"stdout","time":755.377957312,"data":"  \"escalations_queued\": true,\n"}
,{"stream_name":"stdout","time":755.377960972,"data":"  \"registry_lineage\": true,\n"}
,{"stream_name":"stdout","time":755.377964712,"data":"  \"registry_rollback\": true,\n"}
,{"stream_name":"stdout","time":755.377968541,"data":"  \"shadow_ran\": true,\n"}
,{"stream_name":"stdout","time":755.377972558,"data":"  \"cross_task_ran\": true,\n"}
,{"stream_name":"stdout","time":755.377976658,"data":"  \"cross_task_glial_safer\": true,\n"}
,{"stream_name":"stdout","time":755.37798102,"data":"  \"breadth_head_ge_tfidf\": true\n"}
,{"stream_name":"stdout","time":755.377985006,"data":"}\n"}
,{"stream_name":"stderr","time":760.679063315,"data":"/usr/local/lib/python3.13/dist-packages/mistune.py:435: SyntaxWarning: invalid escape sequence '\\|'\n"}
,{"stream_name":"stderr","time":760.679095499,"data":"  cells[i][c] = re.sub('\\\\\\\\\\|', '|', cell)\n"}
,{"stream_name":"stderr","time":760.861938392,"data":"/usr/local/lib/python3.13/dist-packages/nbconvert/filters/filter_links.py:36: SyntaxWarning: invalid escape sequence '\\_'\n"}
,{"stream_name":"stderr","time":760.861961692,"data":"  text = re.sub(r'_', '\\_', text) # Escape underscores in display text\n"}
,{"stream_name":"stderr","time":761.661764633,"data":"[NbConvertApp] Converting notebook __notebook__.ipynb to notebook\n"}
,{"stream_name":"stderr","time":761.93474066,"data":"[NbConvertApp] Writing 1844572 bytes to __notebook__.ipynb\n"}
,{"stream_name":"stderr","time":764.390889138,"data":"[NbConvertApp] Converting notebook __notebook__.ipynb to html\n"}
,{"stream_name":"stderr","time":765.30973571,"data":"[NbConvertApp] Writing 1951099 bytes to __results__.html\n"}
]