[{"stream_name":"stderr","time":6.526381344,"data":"/usr/local/lib/python3.13/dist-packages/nbformat/validator.py:434: MissingIDFieldWarning: Cell is missing an id field, this will become a hard error in future nbformat versions. You may want to use `normalize()` on your notebooks before validations (available since nbformat 5.1.4). Previous versions of nbformat are fixing this issue transparently, and will stop doing so in the future.\n"}
,{"stream_name":"stderr","time":6.526422253,"data":"  _validate(nbdict, ref, version, version_minor, relax_add_props)\n"}
,{"stream_name":"stderr","time":7.481600447,"data":"0.00s - Debugger warning: It seems that frozen modules are being used, which may\n"}
,{"stream_name":"stderr","time":7.481631601,"data":"0.00s - make the debugger miss breakpoints. Please pass -Xfrozen_modules=off\n"}
,{"stream_name":"stderr","time":7.481635109,"data":"0.00s - to python to disable frozen modules.\n"}
,{"stream_name":"stderr","time":7.481637565,"data":"0.00s - Note: Debugging will proceed. Set PYDEVD_DISABLE_FILE_VALIDATION=1 to disable this validation.\n"}
,{"stream_name":"stderr","time":8.098543094,"data":"0.00s - Debugger warning: It seems that frozen modules are being used, which may\n"}
,{"stream_name":"stderr","time":8.098571359,"data":"0.00s - make the debugger miss breakpoints. Please pass -Xfrozen_modules=off\n"}
,{"stream_name":"stderr","time":8.098576801,"data":"0.00s - to python to disable frozen modules.\n"}
,{"stream_name":"stderr","time":8.098581521,"data":"0.00s - Note: Debugging will proceed. Set PYDEVD_DISABLE_FILE_VALIDATION=1 to disable this validation.\n"}
,{"stream_name":"stdout","time":11.674892094,"data":"Tesla T4, 15360 MiB\n"}
,{"stream_name":"stdout","time":11.674926732,"data":"Tesla T4, 15360 MiB\n"}
,{"stream_name":"stdout","time":11.674932749,"data":"\n"}
,{"stream_name":"stdout","time":154.219016433,"data":"........................................................................ [ 17%]\n"}
,{"stream_name":"stdout","time":154.219057188,"data":"........................................................................ [ 35%]\n"}
,{"stream_name":"stdout","time":154.219074877,"data":"....................................................................ss.. [ 53%]\n"}
,{"stream_name":"stdout","time":154.219080251,"data":"..............................................................s......... [ 71%]\n"}
,{"stream_name":"stdout","time":154.219085379,"data":"........................................................................ [ 89%]\n"}
,{"stream_name":"stdout","time":154.219090702,"data":".........................................                                [100%]\n"}
,{"stream_name":"stdout","time":154.219095293,"data":"=============================== warnings summary ===============================\n"}
,{"stream_name":"stdout","time":154.219099772,"data":"tests/test_decision_evaluate.py::test_tfidf_baseline_column_alignment\n"}
,{"stream_name":"stdout","time":154.219104218,"data":"tests/test_decision_evaluate.py::test_tfidf_baseline_missing_class\n"}
,{"stream_name":"stdout","time":154.219108544,"data":"tests/test_decision_evaluate.py::test_dataset_suite_end_to_end\n"}
,{"stream_name":"stdout","time":154.219113037,"data":"  /usr/local/lib/python3.13/dist-packages/sklearn/linear_model/_logistic.py:451: DeprecationWarning: scipy.optimize: The `disp` and `iprint` options of the L-BFGS-B solver are deprecated and will be removed in SciPy 1.18.0.\n"}
,{"stream_name":"stdout","time":154.219122463,"data":"    opt_res = optimize.minimize(\n"}
,{"stream_name":"stdout","time":154.219125542,"data":"\n"}
,{"stream_name":"stdout","time":154.219128359,"data":"-- Docs: https://docs.pytest.org/en/stable/how-to/capture-warnings.html\n"}
,{"stream_name":"stdout","time":154.219131439,"data":"398 passed, 3 skipped, 3 warnings in 134.24s (0:02:14)\n"}
,{"stream_name":"stdout","time":154.219142746,"data":"\n"}
,{"stream_name":"stdout","time":157.553238904,"data":"   ━━━━━━━━━━━━━━━━━━━━━━━━━━━━━━━━━━━━━━━━ 740.6/740.6 kB 18.4 MB/s eta 0:00:00\n"}
,{"stream_name":"stdout","time":157.678471658,"data":"   ━━━━━━━━━━━━━━━━━━━━━━━━━━━━━━━━━━━━━━━━ 12.6/12.6 MB 103.5 MB/s eta 0:00:00\n"}
,{"stream_name":"stdout","time":157.725115327,"data":"   ━━━━━━━━━━━━━━━━━━━━━━━━━━━━━━━━━━━━━━━━ 846.4/846.4 kB 24.5 MB/s eta 0:00:00\n"}
,{"stream_name":"stdout","time":157.755336647,"data":"   ━━━━━━━━━━━━━━━━━━━━━━━━━━━━━━━━━━━━━━━━ 740.6/740.6 kB 18.4 MB/s eta 0:00:00\n"}
,{"stream_name":"stdout","time":157.755356218,"data":"   ━━━━━━━━━━━━━━━━━━━━━━━━━━━━━━━━━━━━━━━━ 12.6/12.6 MB 103.5 MB/s eta 0:00:00\n"}
,{"stream_name":"stdout","time":157.755361289,"data":"   ━━━━━━━━━━━━━━━━━━━━━━━━━━━━━━━━━━━━━━━━ 846.4/846.4 kB 24.5 MB/s eta 0:00:00\n"}
,{"stream_name":"stderr","time":194.344961823,"data":"Warning: You are sending unauthenticated requests to the HF Hub. Please set a HF_TOKEN to enable higher rate limits and faster downloads.\n"}
,{"stream_name":"stderr","time":194.345001589,"data":"\n"}
,{"stream_name":"stderr","time":194.345007819,"data":"Warning: You are sending unauthenticated requests to the HF Hub. Please set a HF_TOKEN to enable higher rate limits and faster downloads.\n"}
,{"stream_name":"stdout","time":215.956841702,"data":"datasets path failed: HfUriError(\"Invalid HF URI 'hf://datasets/clinc_oos@155b9c710419136e17307b80d0a13e68cd46b4ec/.huggingface.yaml'. Repository id must be 'name\n"}
,{"stream_name":"stdout","time":216.14990582,"data":"source: github json | train 15000 | val 3100 | test 5500\n"}
,{"stream_name":"stdout","time":294.449208196,"data":"peak cuda GiB: 0.88\n"}
,{"stream_name":"stdout","time":305.144898671,"data":"cosine calibration: {\n"}
,{"stream_name":"stdout","time":305.144929668,"data":" \"t_prob\": 0.25,\n"}
,{"stream_name":"stdout","time":305.144936602,"data":" \"tau_answer\": 0.015279530048182147,\n"}
,{"stream_name":"stdout","time":305.144941391,"data":" \"qhat\": 0.02393932927923971,\n"}
,{"stream_name":"stdout","time":305.144945822,"data":" \"t_set\": 1.0,\n"}
,{"stream_name":"stdout","time":305.1449504,"data":" \"n_A\": 1497,\n"}
,{"stream_name":"stdout","time":305.144954532,"data":" \"n_B\": 1503,\n"}
,{"stream_name":"stdout","time":305.144959387,"data":" \"tau_in_schema\": 0.6991039514541626\n"}
,{"stream_name":"stdout","time":305.144964207,"data":"}\n"}
,{"stream_name":"stdout","time":305.797688212,"data":"cosine leg: {\"actions\": {\"escalate\": 3648, \"answer\": 1797, \"clarify\": 55}, \"resolved\": 0.482, \"encodes\": 5555, \"cov_hits\": 4113, \"n_in\": 4500, \"encodes_per_item\": 1.01, \"set_coverage_in_scope\": 0.914, \"mean_set_size\": 3.798, \"singleton_rate\": 0.0}\n"}
,{"stream_name":"stdout","time":309.047398832,"data":"head: {'best_val_loss': 0.09621404856443405, 'epochs_run': 27, 'n_train': 13500, 'n_classes': 150}\n"}
,{"stream_name":"stdout","time":309.047434215,"data":"TaskHead in-scope accuracy: 0.969\n"}
,{"stream_name":"stdout","time":309.047440222,"data":"head calibration: {\n"}
,{"stream_name":"stdout","time":309.047444754,"data":" \"t_prob\": 0.8548387096774194,\n"}
,{"stream_name":"stdout","time":309.047472732,"data":" \"tau_answer\": 0.2898013667933294,\n"}
,{"stream_name":"stdout","time":309.047476757,"data":" \"qhat\": 0.011418504446059703,\n"}
,{"stream_name":"stdout","time":309.047480167,"data":" \"t_set\": 32.0,\n"}
,{"stream_name":"stdout","time":309.047483469,"data":" \"n_A\": 1497,\n"}
,{"stream_name":"stdout","time":309.047486764,"data":" \"n_B\": 1503,\n"}
,{"stream_name":"stdout","time":309.047490026,"data":" \"tau_in_schema\": 9.803707122802734\n"}
,{"stream_name":"stdout","time":309.047493356,"data":"}\n"}
,{"stream_name":"stdout","time":309.857203577,"data":"head leg: {\"actions\": {\"answer\": 4381, \"escalate\": 1119}, \"resolved\": 0.931, \"encodes\": 5500, \"cov_hits\": 4447, \"n_in\": 4500, \"encodes_per_item\": 1.0, \"set_coverage_in_scope\": 0.988, \"mean_set_size\": 1.935, \"singleton_rate\": 0.065}\n"}
,{"stream_name":"stdout","time":309.914999208,"data":"head scores saved for offline re-evaluation\n"}
,{"stream_name":"stdout","time":310.059925975,"data":"bundle round-trip: 200/200 identical\n"}
,{"stream_name":"stderr","time":310.749466229,"data":"Repo card metadata block was not found. Setting CardData to empty.\n"}
,{"stream_name":"stderr","time":310.749497081,"data":"\n"}
,{"stream_name":"stderr","time":310.749501408,"data":"Repo card metadata block was not found. Setting CardData to empty.\n"}
,{"stream_name":"stdout","time":342.93038998,"data":"ordinal: acc 0.432 mae 0.732 | zeroshot: acc 0.318 mae 0.875\n"}
,{"stream_name":"stdout","time":361.591651828,"data":"'i need to cancel my flight tomorrow'\n"}
,{"stream_name":"stdout","time":361.591687442,"data":"  -\u003e action=escalate top=0.334 set=['cancel reservation', 'pto request']\n"}
,{"stream_name":"stdout","time":361.591695414,"data":"'what is the balance on my account'\n"}
,{"stream_name":"stdout","time":361.591701228,"data":"  -\u003e action=answer top=0.997 set=['balance', 'bill balance']\n"}
,{"stream_name":"stdout","time":361.591706588,"data":"'how do i activate my new card'\n"}
,{"stream_name":"stdout","time":361.591711378,"data":"  -\u003e action=escalate top=0.970 set=['new card', 'redeem rewards']\n"}
,{"stream_name":"stdout","time":361.591716141,"data":"'i lost my wallet on the bus yesterday'\n"}
,{"stream_name":"stdout","time":361.591720692,"data":"  -\u003e action=escalate top=0.217 set=['lost luggage', 'spending history']\n"}
,{"stream_name":"stdout","time":361.591725379,"data":"'when will my paycheck arrive'\n"}
,{"stream_name":"stdout","time":361.591729955,"data":"  -\u003e action=answer top=0.998 set=['payday', 'income']\n"}
,{"stream_name":"stdout","time":361.591734592,"data":"'can you transfer two hundred dollars to my savings'\n"}
,{"stream_name":"stdout","time":361.591739129,"data":"  -\u003e action=answer top=1.000 set=['transfer', 'balance']\n"}
,{"stream_name":"stdout","time":361.59174373,"data":"'why was my card declined at the store'\n"}
,{"stream_name":"stdout","time":361.591748371,"data":"  -\u003e action=answer top=1.000 set=['card declined', 'account blocked']\n"}
,{"stream_name":"stdout","time":361.591758679,"data":"'i want to dispute this charge i never made'\n"}
,{"stream_name":"stdout","time":361.591762843,"data":"  -\u003e action=escalate top=0.774 set=['report fraud', 'cancel']\n"}
,{"stream_name":"stdout","time":361.59176617,"data":"'do you do currency exchange for euros'\n"}
,{"stream_name":"stdout","time":361.591785216,"data":"  -\u003e action=answer top=0.999 set=['exchange rate', 'plug type']\n"}
,{"stream_name":"stdout","time":361.591791204,"data":"'my phone was stolen and i need to freeze everything'\n"}
,{"stream_name":"stdout","time":361.59179656,"data":"  -\u003e action=escalate top=0.461 set=['sync device', 'freeze account']\n"}
,{"stream_name":"stdout","time":361.591815595,"data":"'tell me something completely unrelated to banking intents xyz'\n"}
,{"stream_name":"stdout","time":361.591819993,"data":"  -\u003e action=escalate top=0.364 set=['no', 'what can i ask you']\n"}
,{"stream_name":"stdout","time":361.591824288,"data":"'blorple snizzle wumpus quack'\n"}
,{"stream_name":"stdout","time":361.591828083,"data":"  -\u003e action=escalate top=0.111 set=['tell joke', 'repeat']\n"}
,{"stream_name":"stdout","time":361.794036624,"data":"wrote 1500 labeled rows over 150 classes\n"}
,{"stream_name":"stdout","time":384.551756157,"data":"adapt: 1500 examples, 150 classes | headroom 0.709 | test acc 0.904 cov 0.947 set 2.02\n"}
,{"stream_name":"stdout","time":402.180767081,"data":"round trip: action=answer top=0.194 set=['book flight', 'pay bill', 'travel notification']\n"}
,{"stream_name":"stdout","time":419.394719412,"data":"serve: POST /decide -\u003e escalate (920ms) | stats: 1 req, p50=920ms\n"}
,{"stream_name":"stdout","time":435.235218728,"data":"cosine     acc=0.756 log=4.287 brier=0.978 ece=0.741\n"}
,{"stream_name":"stdout","time":435.235252244,"data":"taskhead   acc=0.969 log=0.118 brier=0.046 ece=0.006\n"}
,{"stream_name":"stdout","time":435.235258767,"data":"tfidf_lr   acc=0.906 log=0.687 brier=0.230 ece=0.235\n"}
,{"stream_name":"stdout","time":442.15436573,"data":"cosine     acc=0.756 [0.744,0.768] aurc=0.1135 ece15=0.741 acc@80=0.834\n"}
,{"stream_name":"stdout","time":442.154405414,"data":"taskhead   acc=0.969 [0.964,0.974] aurc=0.0026 ece15=0.006 acc@80=0.996\n"}
,{"stream_name":"stdout","time":442.15441185,"data":"tfidf_lr   acc=0.906 [0.898,0.914] aurc=0.0180 ece15=0.235 acc@80=0.969\n"}
,{"stream_name":"stdout","time":442.703832493,"data":"acc by nearest-train-similarity band: {\n"}
,{"stream_name":"stdout","time":442.703860705,"data":" \"[-1,0.8)\": {\n"}
,{"stream_name":"stdout","time":442.703865971,"data":"  \"n\": 190,\n"}
,{"stream_name":"stdout","time":442.70387069,"data":"  \"acc\": 0.9105263157894737\n"}
,{"stream_name":"stdout","time":442.703875466,"data":" },\n"}
,{"stream_name":"stdout","time":442.703879939,"data":" \"[0.8,0.9)\": {\n"}
,{"stream_name":"stdout","time":442.703884715,"data":"  \"n\": 1350,\n"}
,{"stream_name":"stdout","time":442.703889795,"data":"  \"acc\": 0.9422222222222222\n"}
,{"stream_name":"stdout","time":442.703894395,"data":" },\n"}
,{"stream_name":"stdout","time":442.70389876,"data":" \"[0.9,0.95)\": {\n"}
,{"stream_name":"stdout","time":442.703903286,"data":"  \"n\": 1146,\n"}
,{"stream_name":"stdout","time":442.703907804,"data":"  \"acc\": 0.9729493891797557\n"}
,{"stream_name":"stdout","time":442.703912404,"data":" },\n"}
,{"stream_name":"stdout","time":442.703916738,"data":" \"[0.95,1.01)\": {\n"}
,{"stream_name":"stdout","time":442.703921285,"data":"  \"n\": 1814,\n"}
,{"stream_name":"stdout","time":442.703925796,"data":"  \"acc\": 0.9933847850055126\n"}
,{"stream_name":"stdout","time":442.703930408,"data":" }\n"}
,{"stream_name":"stdout","time":442.703934799,"data":"}\n"}
,{"stream_name":"stdout","time":460.821184867,"data":"banking77        k= 77 head=0.930 cos=0.929 tfidf=0.731\n"}
,{"stream_name":"stdout","time":483.309957209,"data":"emotion          k=  6 head=0.625 cos=0.498 tfidf=0.580\n"}
,{"stream_name":"stdout","time":504.506968004,"data":"tweet_emotion    k=  4 head=0.798 cos=0.756 tfidf=0.565\n"}
,{"stream_name":"stdout","time":532.511480463,"data":"tweet_sentiment  k=  3 head=0.666 cos=0.575 tfidf=0.488\n"}
,{"stream_name":"stdout","time":559.863223303,"data":"tweet_hate       k=  2 head=0.586 cos=0.568 tfidf=0.529\n"}
,{"stream_name":"stdout","time":577.208209488,"data":"sst2             k=  2 head=0.847 cos=0.854 tfidf=0.682\n"}
,{"stream_name":"stdout","time":625.509717026,"data":"ag_news          k=  4 head=0.869 cos=0.614 tfidf=0.786\n"}
,{"stream_name":"stdout","time":695.569138976,"data":"dbpedia_14       k= 14 head=0.970 cos=0.776 tfidf=0.927\n"}
,{"stream_name":"stdout","time":739.222271159,"data":"mnli             k=  3 head=0.449 cos=0.368 tfidf=0.379\n"}
,{"stream_name":"stdout","time":753.910083139,"data":"massive_intent_en k= 60 head=0.895 cos=0.888 tfidf=0.678\n"}
,{"stream_name":"stdout","time":760.466392698,"data":"en     in-language 0.876 | cosine 0.885\n"}
,{"stream_name":"stdout","time":770.505226974,"data":"de     in-language 0.796 | en-head transfer 0.772 | cosine 0.777\n"}
,{"stream_name":"stdout","time":779.407276818,"data":"es     in-language 0.808 | en-head transfer 0.803 | cosine 0.794\n"}
,{"stream_name":"stdout","time":789.000761209,"data":"fr     in-language 0.819 | en-head transfer 0.812 | cosine 0.803\n"}
,{"stream_name":"stdout","time":797.414734784,"data":"ru     in-language 0.830 | en-head transfer 0.799 | cosine 0.794\n"}
,{"stream_name":"stdout","time":805.09695456,"data":"zh-CN  in-language 0.816 | en-head transfer 0.781 | cosine 0.777\n"}
,{"stream_name":"stdout","time":812.672725513,"data":"ja     in-language 0.830 | en-head transfer 0.792 | cosine 0.781\n"}
,{"stream_name":"stdout","time":845.139629576,"data":"ScienceQA: 1500 fit / 600 test rows (4-choice, with image)\n"}
,{"stream_name":"stdout","time":2565.488133264,"data":"vision peak allocated GiB: 4.23\n"}
,{"stream_name":"stdout","time":2598.432462255,"data":"full        acc=0.428 [0.388,0.470] log=1.346 cov=1.000 set=4.00\n"}
,{"stream_name":"stdout","time":2598.432495091,"data":"text_only   acc=0.395 [0.362,0.437] log=1.348 cov=1.000 set=4.00\n"}
,{"stream_name":"stdout","time":2598.432500712,"data":"image_only  acc=0.433 [0.398,0.474] log=1.351 cov=1.000 set=4.00\n"}
,{"stream_name":"stdout","time":2598.432505207,"data":"full vs text_only  : -0.0333 [-0.0700, +0.0017] -\u003e indistinguishable\n"}
,{"stream_name":"stdout","time":2598.432510188,"data":"full vs image_only : +0.0050 [-0.0325, +0.0433] -\u003e indistinguishable\n"}
,{"stream_name":"stdout","time":2603.846663072,"data":"static                 esc 0.032-\u003e0.275 unsafe 0.143\n"}
,{"stream_name":"stdout","time":2603.850589748,"data":"glial                  esc 0.080-\u003e0.743 unsafe 0.087\n"}
,{"stream_name":"stdout","time":2603.850605407,"data":"recalibrate(delay=200) esc 0.032-\u003e0.275 unsafe 0.305\n"}
,{"stream_name":"stdout","time":2603.85061112,"data":"recalibrate(delay=0)   esc 0.032-\u003e0.275 unsafe 0.137\n"}
,{"stream_name":"stdout","time":2604.046302768,"data":"'i need to cancel my flight tomorrow'\n"}
,{"stream_name":"stdout","time":2604.046344976,"data":"  -\u003e action=escalate top=0.010 set=['cancel', 'book flight', 'insurance change', 'income']\n"}
,{"stream_name":"stdout","time":2604.046351099,"data":"\n"}
,{"stream_name":"stdout","time":2604.146712908,"data":"'what is the balance on my account'\n"}
,{"stream_name":"stdout","time":2604.146734093,"data":"  -\u003e action=answer top=0.016 set=['balance', 'bill balance', 'rewards balance']\n"}
,{"stream_name":"stdout","time":2604.146739893,"data":"\n"}
,{"stream_name":"stdout","time":2604.146750345,"data":"'tell me something completely unrelated to banking intents xyz'\n"}
,{"stream_name":"stdout","time":2604.146753993,"data":"  -\u003e action=escalate top=0.011 set=['no', 'what can i ask you', 'meaning of life', 'definition']\n"}
,{"stream_name":"stdout","time":2604.146757302,"data":"\n"}
,{"stream_name":"stdout","time":2620.691721614,"data":"logged 300 real decisions\n"}
,{"stream_name":"stdout","time":2620.691755215,"data":"monitor: alerts=['escalate_rate 0.63 \u003e 0.6', 'top_prob KS=0.247 \u003e 0.15'] escalate=0.63\n"}
,{"stream_name":"stdout","time":2620.691762328,"data":"handlers: {'escalate': 189, 'answer': 109, 'clarify': 2} | escalation queue lines 189\n"}
,{"stream_name":"stdout","time":2620.691766953,"data":"retrain slice 1: 3900 items, 150 classes\n"}
,{"stream_name":"stdout","time":2620.691771201,"data":"retrain slice 2: 4050 items, 150 classes\n"}
,{"stream_name":"stdout","time":2666.028069373,"data":"registry: versions=['v1', 'v2'] v2.parent=v1 promote-\u003ev2 rollback-\u003ev1 now=v1\n"}
,{"stream_name":"stdout","time":2666.028104557,"data":"shadow: n=300 agreement=0.363 failed=0 {'answer-\u003eanswer': 109, 'clarify-\u003eanswer': 2, 'escalate-\u003eanswer': 187, 'escalate-\u003eclarify': 2}\n"}
,{"stream_name":"stdout","time":2666.028111505,"data":"cadence: fired=True via drift (drift: top_prob KS=0.247 \u003e 0.15)\n"}
,{"stream_name":"stdout","time":2666.028116892,"data":"cadence: held=True (drift alert but 120 new labeled samples \u003c 500 floor)\n"}
,{"stream_name":"stdout","time":2698.202748727,"data":"canary: control n=206 unsafe=0.005 | canary n=94 unsafe=0.043 -\u003e rollback (unsafe_rate 0.005 -\u003e 0.043 (+0.038 \u003e 0.02))\n"}
,{"stream_name":"stdout","time":2698.202781065,"data":"causal unsafe: delta=+0.070 [+0.043, +0.100] -\u003e regressed\n"}
,{"stream_name":"stdout","time":2698.202786786,"data":"causal escalate: delta=-0.630 [-0.683, -0.575] -\u003e improved\n"}
,{"stream_name":"stdout","time":2698.295287856,"data":"{\n"}
,{"stream_name":"stdout","time":2698.295340078,"data":"  \"suite_green_on_kaggle\": true,\n"}
,{"stream_name":"stdout","time":2698.295350606,"data":"  \"cosine_resolved_in_band\": true,\n"}
,{"stream_name":"stdout","time":2698.295356338,"data":"  \"head_resolved_in_band\": true,\n"}
,{"stream_name":"stdout","time":2698.295361794,"data":"  \"coverage_in_band\": true,\n"}
,{"stream_name":"stdout","time":2698.295367151,"data":"  \"head_coverage_reported\": 0.9882222222222222,\n"}
,{"stream_name":"stdout","time":2698.295372677,"data":"  \"cosine_sets_small\": true,\n"}
,{"stream_name":"stdout","time":2698.295377946,"data":"  \"head_sets_small\": true,\n"}
,{"stream_name":"stdout","time":2698.295383304,"data":"  \"head_acc_in_band\": true,\n"}
,{"stream_name":"stdout","time":2698.295388491,"data":"  \"bundle_roundtrip_identical\": true,\n"}
,{"stream_name":"stdout","time":2698.295393858,"data":"  \"ordinal_ran\": true,\n"}
,{"stream_name":"stdout","time":2698.29539908,"data":"  \"ordinal_beats_zeroshot\": true,\n"}
,{"stream_name":"stdout","time":2698.295404525,"data":"  \"cli_ran\": true,\n"}
,{"stream_name":"stdout","time":2698.295409414,"data":"  \"cli_inputs\": 12,\n"}
,{"stream_name":"stdout","time":2698.29541453,"data":"  \"cli_adapt_ran\": true,\n"}
,{"stream_name":"stdout","time":2698.295419677,"data":"  \"cli_adapt_roundtrip\": true,\n"}
,{"stream_name":"stdout","time":2698.295424727,"data":"  \"serve_ran\": true,\n"}
,{"stream_name":"stdout","time":2698.295429946,"data":"  \"baselines_ran\": true,\n"}
,{"stream_name":"stdout","time":2698.295435477,"data":"  \"head_beats_tfidf_acc\": true,\n"}
,{"stream_name":"stdout","time":2698.295440745,"data":"  \"rigor_ran\": true,\n"}
,{"stream_name":"stdout","time":2698.295445967,"data":"  \"memorization_ran\": true,\n"}
,{"stream_name":"stdout","time":2698.295451349,"data":"  \"breadth_ran\": true,\n"}
,{"stream_name":"stdout","time":2698.295456847,"data":"  \"breadth_datasets\": 10,\n"}
,{"stream_name":"stdout","time":2698.295473952,"data":"  \"operate_ran\": true,\n"}
,{"stream_name":"stdout","time":2698.295478972,"data":"  \"monitor_ran\": true,\n"}
,{"stream_name":"stdout","time":2698.295483358,"data":"  \"handlers_ran\": true,\n"}
,{"stream_name":"stdout","time":2698.295487598,"data":"  \"escalations_queued\": true,\n"}
,{"stream_name":"stdout","time":2698.295491433,"data":"  \"registry_lineage\": true,\n"}
,{"stream_name":"stdout","time":2698.295496135,"data":"  \"registry_rollback\": true,\n"}
,{"stream_name":"stdout","time":2698.295500045,"data":"  \"shadow_ran\": true,\n"}
,{"stream_name":"stdout","time":2698.295503927,"data":"  \"cadence_ran\": true,\n"}
,{"stream_name":"stdout","time":2698.295507951,"data":"  \"cadence_floored\": true,\n"}
,{"stream_name":"stdout","time":2698.29551182,"data":"  \"canary_ran\": true,\n"}
,{"stream_name":"stdout","time":2698.295515926,"data":"  \"canary_arms_nonempty\": true,\n"}
,{"stream_name":"stdout","time":2698.295520211,"data":"  \"causal_ran\": true,\n"}
,{"stream_name":"stdout","time":2698.295525042,"data":"  \"causal_ci_reported\": true,\n"}
,{"stream_name":"stdout","time":2698.295529491,"data":"  \"cross_task_ran\": true,\n"}
,{"stream_name":"stdout","time":2698.295533271,"data":"  \"cross_task_glial_safer\": true,\n"}
,{"stream_name":"stdout","time":2698.295537181,"data":"  \"multilingual_ran\": true,\n"}
,{"stream_name":"stdout","time":2698.295541074,"data":"  \"multilingual_in_language_holds\": true,\n"}
,{"stream_name":"stdout","time":2698.295544949,"data":"  \"multilingual_en_head_transfers\": true,\n"}
,{"stream_name":"stdout","time":2698.29554883,"data":"  \"multimodal_ran\": true,\n"}
,{"stream_name":"stdout","time":2698.295552613,"data":"  \"multimodal_image_carries_signal\": true,\n"}
,{"stream_name":"stdout","time":2698.295556584,"data":"  \"multimodal_combination_beats_both_singles\": false,\n"}
,{"stream_name":"stdout","time":2698.295560662,"data":"  \"breadth_head_ge_tfidf\": true\n"}
,{"stream_name":"stdout","time":2698.295564631,"data":"}\n"}
,{"stream_name":"stdout","time":2733.815234194,"data":"refusal costs: cfp=10.0 cfn=20.0 cr=1.0 -\u003e discard\u003c0.050 assert\u003e0.900\n"}
,{"stream_name":"stdout","time":2733.815267325,"data":"  unsafe answers 0 | over-refusals none | control True\n"}
,{"stream_name":"stdout","time":2733.815271276,"data":"  pass      I1  below the fitted answer bar, the layer must not assert\n"}
,{"stream_name":"stdout","time":2733.815274585,"data":"  pass      I2  below the fitted in-schema boundary, the layer must not \n"}
,{"stream_name":"stdout","time":2733.815277681,"data":"  pass      I4  a gated layer never returns an ungated action\n"}
,{"stream_name":"stdout","time":2733.815280721,"data":"  fail      I5  the action is the Bayes-optimal one for the declared cos\n"}
,{"stream_name":"stdout","time":2733.815284256,"data":"            300 actions off the cost-optimal boundary: ['escalate(p=0.012-\u003ediscard)', 'escalate(p=0.011-\n"}
,{"stream_name":"stdout","time":2733.815301484,"data":"  pass      I3  option order must not change the action\n"}
,{"stream_name":"stdout","time":2733.815307206,"data":"  deferred  I6  raising the bar must not increase assertions\n"}
,{"stream_name":"stdout","time":2733.815311979,"data":"  reasons: no_discriminating_signal=pass, out_of_schema=pass, unsupported_evidence=unverified, no_content=pass, over_length=pass, position_bias=pass, uncalibrated_cost=fail, policy=unverified\n"}
,{"stream_name":"stdout","time":2733.81533585,"data":"\n"}
,{"stream_name":"stdout","time":2733.815340446,"data":"qualification: qualified  (bundle 207cef05b2f0a339...)\n"}
,{"stream_name":"stdout","time":2733.81534491,"data":"  must_pass failed : []\n"}
,{"stream_name":"stdout","time":2733.815362911,"data":"  must_fix open    : ['E4', 'E5']\n"}
,{"stream_name":"stdout","time":2733.815365682,"data":"  deferred         : ['F2']\n"}
,{"stream_name":"stdout","time":2733.815368052,"data":"ML Test Score coverage: 14 covered / 5 partial / 1 missing (82% weighted)\n"}
,{"stream_name":"stdout","time":2733.815370275,"data":"\n"}
,{"stream_name":"stdout","time":2733.815372309,"data":"  data             covered 3/4 (partial 1, missing 0)\n"}
,{"stream_name":"stdout","time":2733.815374438,"data":"  infrastructure   covered 3/4 (partial 1, missing 0)\n"}
,{"stream_name":"stdout","time":2733.815376633,"data":"  model            covered 6/9 (partial 2, missing 1)\n"}
,{"stream_name":"stdout","time":2733.815378752,"data":"  monitoring       covered 2/3 (partial 1, missing 0)\n"}
,{"stream_name":"stdout","time":2733.81538089,"data":"\n"}
,{"stream_name":"stdout","time":2733.815382913,"data":"  gaps:\n"}
,{"stream_name":"stdout","time":2733.815385097,"data":"    [partial] data: the relationship between each feature and the target is understood\n"}
,{"stream_name":"stdout","time":2733.815387329,"data":"    [missing] model: offline proxy metrics correlate with online impact\n"}
,{"stream_name":"stdout","time":2733.815389498,"data":"    [partial] model: hyperparameters are tuned\n"}
,{"stream_name":"stdout","time":2733.815391606,"data":"    [partial] model: quality on important slices is tested\n"}
,{"stream_name":"stdout","time":2733.815393838,"data":"    [partial] infrastructure: training is reproducible\n"}
,{"stream_name":"stdout","time":2733.815396517,"data":"    [partial] monitoring: training/serving skew is detected\n"}
,{"stream_name":"stdout","time":2733.815419853,"data":"qualification leg failed: AttributeError(\"'float' object has no attribute 'get'\")\n"}
,{"stream_name":"stderr","time":2739.186530954,"data":"/usr/local/lib/python3.13/dist-packages/mistune.py:435: SyntaxWarning: invalid escape sequence '\\|'\n"}
,{"stream_name":"stderr","time":2739.186558717,"data":"  cells[i][c] = re.sub('\\\\\\\\\\|', '|', cell)\n"}
,{"stream_name":"stderr","time":2739.357246898,"data":"/usr/local/lib/python3.13/dist-packages/nbconvert/filters/filter_links.py:36: SyntaxWarning: invalid escape sequence '\\_'\n"}
,{"stream_name":"stderr","time":2739.357273758,"data":"  text = re.sub(r'_', '\\_', text) # Escape underscores in display text\n"}
,{"stream_name":"stderr","time":2740.114700361,"data":"[NbConvertApp] Converting notebook __notebook__.ipynb to notebook\n"}
,{"stream_name":"stderr","time":2740.513775977,"data":"[NbConvertApp] Writing 3039533 bytes to __notebook__.ipynb\n"}
,{"stream_name":"stderr","time":2742.997956424,"data":"[NbConvertApp] Converting notebook __notebook__.ipynb to html\n"}
,{"stream_name":"stderr","time":2744.176697336,"data":"[NbConvertApp] Writing 3019208 bytes to __results__.html\n"}
]