[{"stream_name":"stderr","time":6.6814006599999995,"data":"/usr/local/lib/python3.13/dist-packages/nbformat/validator.py:434: MissingIDFieldWarning: Cell is missing an id field, this will become a hard error in future nbformat versions. You may want to use `normalize()` on your notebooks before validations (available since nbformat 5.1.4). Previous versions of nbformat are fixing this issue transparently, and will stop doing so in the future.\n"}
,{"stream_name":"stderr","time":6.68144521,"data":"  _validate(nbdict, ref, version, version_minor, relax_add_props)\n"}
,{"stream_name":"stderr","time":7.686855897,"data":"0.00s - Debugger warning: It seems that frozen modules are being used, which may\n"}
,{"stream_name":"stderr","time":7.686899138,"data":"0.00s - make the debugger miss breakpoints. Please pass -Xfrozen_modules=off\n"}
,{"stream_name":"stderr","time":7.686904914,"data":"0.00s - to python to disable frozen modules.\n"}
,{"stream_name":"stderr","time":7.686909127,"data":"0.00s - Note: Debugging will proceed. Set PYDEVD_DISABLE_FILE_VALIDATION=1 to disable this validation.\n"}
,{"stream_name":"stderr","time":8.309769438,"data":"0.00s - Debugger warning: It seems that frozen modules are being used, which may\n"}
,{"stream_name":"stderr","time":8.309796729,"data":"0.00s - make the debugger miss breakpoints. Please pass -Xfrozen_modules=off\n"}
,{"stream_name":"stderr","time":8.309801631,"data":"0.00s - to python to disable frozen modules.\n"}
,{"stream_name":"stderr","time":8.309805743,"data":"0.00s - Note: Debugging will proceed. Set PYDEVD_DISABLE_FILE_VALIDATION=1 to disable this validation.\n"}
,{"stream_name":"stdout","time":11.890470732,"data":"Tesla T4, 15360 MiB\n"}
,{"stream_name":"stdout","time":11.890499752,"data":"Tesla T4, 15360 MiB\n"}
,{"stream_name":"stdout","time":11.890503887,"data":"\n"}
,{"stream_name":"stdout","time":155.700319946,"data":"........................................................................ [ 21%]\n"}
,{"stream_name":"stdout","time":155.700508463,"data":"........................................................................ [ 42%]\n"}
,{"stream_name":"stdout","time":155.701949939,"data":".................................................ss..................... [ 63%]\n"}
,{"stream_name":"stdout","time":155.701970562,"data":"........................................................................ [ 84%]\n"}
,{"stream_name":"stdout","time":155.701977189,"data":"...................................................                      [100%]\n"}
,{"stream_name":"stdout","time":155.701983286,"data":"=============================== warnings summary ===============================\n"}
,{"stream_name":"stdout","time":155.701988678,"data":"tests/test_decision_evaluate.py::test_tfidf_baseline_column_alignment\n"}
,{"stream_name":"stdout","time":155.701993768,"data":"tests/test_decision_evaluate.py::test_tfidf_baseline_missing_class\n"}
,{"stream_name":"stdout","time":155.70199909,"data":"tests/test_decision_evaluate.py::test_dataset_suite_end_to_end\n"}
,{"stream_name":"stdout","time":155.702004424,"data":"  /usr/local/lib/python3.13/dist-packages/sklearn/linear_model/_logistic.py:451: DeprecationWarning: scipy.optimize: The `disp` and `iprint` options of the L-BFGS-B solver are deprecated and will be removed in SciPy 1.18.0.\n"}
,{"stream_name":"stdout","time":155.702011658,"data":"    opt_res = optimize.minimize(\n"}
,{"stream_name":"stdout","time":155.702016518,"data":"\n"}
,{"stream_name":"stdout","time":155.702021338,"data":"-- Docs: https://docs.pytest.org/en/stable/how-to/capture-warnings.html\n"}
,{"stream_name":"stdout","time":155.702026552,"data":"337 passed, 2 skipped, 3 warnings in 135.59s (0:02:15)\n"}
,{"stream_name":"stdout","time":155.702031712,"data":"\n"}
,{"stream_name":"stdout","time":159.093202919,"data":"   ━━━━━━━━━━━━━━━━━━━━━━━━━━━━━━━━━━━━━━━━ 740.6/740.6 kB 13.7 MB/s eta 0:00:00\n"}
,{"stream_name":"stdout","time":159.258885771,"data":"   ━━━━━━━━━━━━━━━━━━━━━━━━━━━━━━━━━━━━━━━━ 12.6/12.6 MB 82.3 MB/s eta 0:00:00\n"}
,{"stream_name":"stdout","time":159.295228622,"data":"   ━━━━━━━━━━━━━━━━━━━━━━━━━━━━━━━━━━━━━━━━ 740.6/740.6 kB 13.7 MB/s eta 0:00:00\n"}
,{"stream_name":"stdout","time":159.295256339,"data":"   ━━━━━━━━━━━━━━━━━━━━━━━━━━━━━━━━━━━━━━━━ 12.6/12.6 MB 82.3 MB/s eta 0:00:00\n"}
,{"stream_name":"stdout","time":159.300766355,"data":"   ━━━━━━━━━━━━━━━━━━━━━━━━━━━━━━━━━━━━━━━━ 846.4/846.4 kB 33.2 MB/s eta 0:00:00\n"}
,{"stream_name":"stdout","time":159.503641122,"data":"   ━━━━━━━━━━━━━━━━━━━━━━━━━━━━━━━━━━━━━━━━ 846.4/846.4 kB 33.2 MB/s eta 0:00:00\n"}
,{"stream_name":"stderr","time":195.750529979,"data":"Warning: You are sending unauthenticated requests to the HF Hub. Please set a HF_TOKEN to enable higher rate limits and faster downloads.\n"}
,{"stream_name":"stderr","time":195.750573837,"data":"\n"}
,{"stream_name":"stderr","time":195.75058137,"data":"Warning: You are sending unauthenticated requests to the HF Hub. Please set a HF_TOKEN to enable higher rate limits and faster downloads.\n"}
,{"stream_name":"stdout","time":214.946188918,"data":"datasets path failed: HfUriError(\"Invalid HF URI 'hf://datasets/clinc_oos@155b9c710419136e17307b80d0a13e68cd46b4ec/.huggingface.yaml'. Repository id must be 'name\n"}
,{"stream_name":"stdout","time":215.199086333,"data":"source: github json | train 15000 | val 3100 | test 5500\n"}
,{"stream_name":"stdout","time":294.135514683,"data":"peak cuda GiB: 0.88\n"}
,{"stream_name":"stdout","time":305.177468003,"data":"cosine calibration: {\n"}
,{"stream_name":"stdout","time":305.177509846,"data":" \"t_prob\": 0.25,\n"}
,{"stream_name":"stdout","time":305.177514946,"data":" \"tau_answer\": 0.015279530048182147,\n"}
,{"stream_name":"stdout","time":305.177518687,"data":" \"qhat\": 0.02393932927923971,\n"}
,{"stream_name":"stdout","time":305.177522081,"data":" \"t_set\": 1.0,\n"}
,{"stream_name":"stdout","time":305.177525318,"data":" \"n_A\": 1497,\n"}
,{"stream_name":"stdout","time":305.177528495,"data":" \"n_B\": 1503,\n"}
,{"stream_name":"stdout","time":305.17753172,"data":" \"tau_in_schema\": 0.6991039514541626\n"}
,{"stream_name":"stdout","time":305.177534949,"data":"}\n"}
,{"stream_name":"stdout","time":305.835481911,"data":"cosine leg: {\"actions\": {\"escalate\": 3648, \"answer\": 1797, \"clarify\": 55}, \"resolved\": 0.482, \"encodes\": 5555, \"cov_hits\": 4113, \"n_in\": 4500, \"encodes_per_item\": 1.01, \"set_coverage_in_scope\": 0.914, \"mean_set_size\": 3.798, \"singleton_rate\": 0.0}\n"}
,{"stream_name":"stdout","time":309.008630974,"data":"head: {'best_val_loss': 0.09621404856443405, 'epochs_run': 27, 'n_train': 13500, 'n_classes': 150}\n"}
,{"stream_name":"stdout","time":309.008747277,"data":"TaskHead in-scope accuracy: 0.969\n"}
,{"stream_name":"stdout","time":309.008755858,"data":"head calibration: {\n"}
,{"stream_name":"stdout","time":309.008761459,"data":" \"t_prob\": 0.8548387096774194,\n"}
,{"stream_name":"stdout","time":309.008766866,"data":" \"tau_answer\": 0.2898013667933294,\n"}
,{"stream_name":"stdout","time":309.008791328,"data":" \"qhat\": 0.011418504446059703,\n"}
,{"stream_name":"stdout","time":309.008796218,"data":" \"t_set\": 32.0,\n"}
,{"stream_name":"stdout","time":309.008800603,"data":" \"n_A\": 1497,\n"}
,{"stream_name":"stdout","time":309.008804685,"data":" \"n_B\": 1503,\n"}
,{"stream_name":"stdout","time":309.008808809,"data":" \"tau_in_schema\": 9.803707122802734\n"}
,{"stream_name":"stdout","time":309.008813098,"data":"}\n"}
,{"stream_name":"stdout","time":309.798389511,"data":"head leg: {\"actions\": {\"answer\": 4381, \"escalate\": 1119}, \"resolved\": 0.931, \"encodes\": 5500, \"cov_hits\": 4447, \"n_in\": 4500, \"encodes_per_item\": 1.0, \"set_coverage_in_scope\": 0.988, \"mean_set_size\": 1.935, \"singleton_rate\": 0.065}\n"}
,{"stream_name":"stdout","time":309.835580893,"data":"head scores saved for offline re-evaluation\n"}
,{"stream_name":"stdout","time":309.983273954,"data":"bundle round-trip: 200/200 identical\n"}
,{"stream_name":"stderr","time":310.368220537,"data":"Repo card metadata block was not found. Setting CardData to empty.\n"}
,{"stream_name":"stderr","time":310.368248825,"data":"\n"}
,{"stream_name":"stderr","time":310.36825599,"data":"Repo card metadata block was not found. Setting CardData to empty.\n"}
,{"stream_name":"stdout","time":342.59900107,"data":"ordinal: acc 0.432 mae 0.732 | zeroshot: acc 0.318 mae 0.875\n"}
,{"stream_name":"stdout","time":360.154496242,"data":"'i need to cancel my flight tomorrow'\n"}
,{"stream_name":"stdout","time":360.154527628,"data":"  -\u003e action=escalate top=0.334 set=['cancel reservation', 'pto request']\n"}
,{"stream_name":"stdout","time":360.154534768,"data":"'what is the balance on my account'\n"}
,{"stream_name":"stdout","time":360.154539759,"data":"  -\u003e action=answer top=0.997 set=['balance', 'bill balance']\n"}
,{"stream_name":"stdout","time":360.154544623,"data":"'how do i activate my new card'\n"}
,{"stream_name":"stdout","time":360.154549173,"data":"  -\u003e action=escalate top=0.970 set=['new card', 'redeem rewards']\n"}
,{"stream_name":"stdout","time":360.15455387,"data":"'i lost my wallet on the bus yesterday'\n"}
,{"stream_name":"stdout","time":360.154558495,"data":"  -\u003e action=escalate top=0.217 set=['lost luggage', 'spending history']\n"}
,{"stream_name":"stdout","time":360.154563329,"data":"'when will my paycheck arrive'\n"}
,{"stream_name":"stdout","time":360.154568794,"data":"  -\u003e action=answer top=0.998 set=['payday', 'income']\n"}
,{"stream_name":"stdout","time":360.154574129,"data":"'can you transfer two hundred dollars to my savings'\n"}
,{"stream_name":"stdout","time":360.154578466,"data":"  -\u003e action=answer top=1.000 set=['transfer', 'balance']\n"}
,{"stream_name":"stdout","time":360.15458282,"data":"'why was my card declined at the store'\n"}
,{"stream_name":"stdout","time":360.154587392,"data":"  -\u003e action=answer top=1.000 set=['card declined', 'account blocked']\n"}
,{"stream_name":"stdout","time":360.15459259,"data":"'i want to dispute this charge i never made'\n"}
,{"stream_name":"stdout","time":360.154597627,"data":"  -\u003e action=escalate top=0.774 set=['report fraud', 'cancel']\n"}
,{"stream_name":"stdout","time":360.154603117,"data":"'do you do currency exchange for euros'\n"}
,{"stream_name":"stdout","time":360.154608355,"data":"  -\u003e action=answer top=0.999 set=['exchange rate', 'plug type']\n"}
,{"stream_name":"stdout","time":360.154613026,"data":"'my phone was stolen and i need to freeze everything'\n"}
,{"stream_name":"stdout","time":360.154618698,"data":"  -\u003e action=escalate top=0.461 set=['sync device', 'freeze account']\n"}
,{"stream_name":"stdout","time":360.154624064,"data":"'tell me something completely unrelated to banking intents xyz'\n"}
,{"stream_name":"stdout","time":360.154641371,"data":"  -\u003e action=escalate top=0.364 set=['no', 'what can i ask you']\n"}
,{"stream_name":"stdout","time":360.154645818,"data":"'blorple snizzle wumpus quack'\n"}
,{"stream_name":"stdout","time":360.154650048,"data":"  -\u003e action=escalate top=0.111 set=['tell joke', 'repeat']\n"}
,{"stream_name":"stdout","time":360.360758561,"data":"wrote 1500 labeled rows over 150 classes\n"}
,{"stream_name":"stdout","time":382.051541235,"data":"adapt: 1500 examples, 150 classes | headroom 0.709 | test acc 0.904 cov 0.947 set 2.02\n"}
,{"stream_name":"stdout","time":398.498179804,"data":"round trip: action=answer top=0.194 set=['book flight', 'pay bill', 'travel notification']\n"}
,{"stream_name":"stdout","time":414.758023815,"data":"serve: POST /decide -\u003e escalate (967ms) | stats: 1 req, p50=967ms\n"}
,{"stream_name":"stdout","time":430.49330159,"data":"cosine     acc=0.756 log=4.287 brier=0.978 ece=0.741\n"}
,{"stream_name":"stdout","time":430.493332917,"data":"taskhead   acc=0.969 log=0.118 brier=0.046 ece=0.006\n"}
,{"stream_name":"stdout","time":430.493338429,"data":"tfidf_lr   acc=0.906 log=0.687 brier=0.230 ece=0.235\n"}
,{"stream_name":"stdout","time":436.773057188,"data":"cosine     acc=0.756 [0.744,0.768] aurc=0.1135 ece15=0.741 acc@80=0.834\n"}
,{"stream_name":"stdout","time":436.773168751,"data":"taskhead   acc=0.969 [0.964,0.974] aurc=0.0026 ece15=0.006 acc@80=0.996\n"}
,{"stream_name":"stdout","time":436.773235202,"data":"tfidf_lr   acc=0.906 [0.898,0.914] aurc=0.0180 ece15=0.235 acc@80=0.969\n"}
,{"stream_name":"stdout","time":437.299174127,"data":"acc by nearest-train-similarity band: {\n"}
,{"stream_name":"stdout","time":437.299202083,"data":" \"[-1,0.8)\": {\n"}
,{"stream_name":"stdout","time":437.299206902,"data":"  \"n\": 190,\n"}
,{"stream_name":"stdout","time":437.299211189,"data":"  \"acc\": 0.9105263157894737\n"}
,{"stream_name":"stdout","time":437.299238411,"data":" },\n"}
,{"stream_name":"stdout","time":437.299242497,"data":" \"[0.8,0.9)\": {\n"}
,{"stream_name":"stdout","time":437.299246606,"data":"  \"n\": 1350,\n"}
,{"stream_name":"stdout","time":437.299250757,"data":"  \"acc\": 0.9422222222222222\n"}
,{"stream_name":"stdout","time":437.299255105,"data":" },\n"}
,{"stream_name":"stdout","time":437.29925912,"data":" \"[0.9,0.95)\": {\n"}
,{"stream_name":"stdout","time":437.29926325,"data":"  \"n\": 1146,\n"}
,{"stream_name":"stdout","time":437.299267324,"data":"  \"acc\": 0.9729493891797557\n"}
,{"stream_name":"stdout","time":437.299271408,"data":" },\n"}
,{"stream_name":"stdout","time":437.299275271,"data":" \"[0.95,1.01)\": {\n"}
,{"stream_name":"stdout","time":437.299279338,"data":"  \"n\": 1814,\n"}
,{"stream_name":"stdout","time":437.299283359,"data":"  \"acc\": 0.9933847850055126\n"}
,{"stream_name":"stdout","time":437.299287439,"data":" }\n"}
,{"stream_name":"stdout","time":437.299291381,"data":"}\n"}
,{"stream_name":"stdout","time":454.250334323,"data":"banking77        k= 77 head=0.930 cos=0.929 tfidf=0.731\n"}
,{"stream_name":"stdout","time":473.135338302,"data":"emotion          k=  6 head=0.625 cos=0.498 tfidf=0.580\n"}
,{"stream_name":"stdout","time":494.38310464,"data":"tweet_emotion    k=  4 head=0.798 cos=0.756 tfidf=0.565\n"}
,{"stream_name":"stdout","time":521.981302409,"data":"tweet_sentiment  k=  3 head=0.666 cos=0.575 tfidf=0.488\n"}
,{"stream_name":"stdout","time":548.556534389,"data":"tweet_hate       k=  2 head=0.586 cos=0.568 tfidf=0.529\n"}
,{"stream_name":"stdout","time":565.088581024,"data":"sst2             k=  2 head=0.847 cos=0.854 tfidf=0.682\n"}
,{"stream_name":"stdout","time":611.392630258,"data":"ag_news          k=  4 head=0.869 cos=0.614 tfidf=0.786\n"}
,{"stream_name":"stdout","time":681.254126267,"data":"dbpedia_14       k= 14 head=0.970 cos=0.776 tfidf=0.927\n"}
,{"stream_name":"stdout","time":724.535942315,"data":"mnli             k=  3 head=0.449 cos=0.368 tfidf=0.379\n"}
,{"stream_name":"stdout","time":737.589786483,"data":"massive_intent_en k= 60 head=0.895 cos=0.888 tfidf=0.678\n"}
,{"stream_name":"stdout","time":745.243342711,"data":"en     in-language 0.876 | cosine 0.885\n"}
,{"stream_name":"stdout","time":754.040790641,"data":"de     in-language 0.796 | en-head transfer 0.772 | cosine 0.777\n"}
,{"stream_name":"stdout","time":761.947821535,"data":"es     in-language 0.808 | en-head transfer 0.803 | cosine 0.794\n"}
,{"stream_name":"stdout","time":770.025090705,"data":"fr     in-language 0.819 | en-head transfer 0.812 | cosine 0.803\n"}
,{"stream_name":"stdout","time":778.243100606,"data":"ru     in-language 0.830 | en-head transfer 0.799 | cosine 0.794\n"}
,{"stream_name":"stdout","time":785.128329897,"data":"zh-CN  in-language 0.816 | en-head transfer 0.781 | cosine 0.777\n"}
,{"stream_name":"stdout","time":791.662180079,"data":"ja     in-language 0.830 | en-head transfer 0.792 | cosine 0.781\n"}
,{"stream_name":"stdout","time":820.432966269,"data":"ScienceQA: 1500 fit / 600 test rows (4-choice, with image)\n"}
,{"stream_name":"stdout","time":2567.209527456,"data":"vision peak allocated GiB: 4.23\n"}
,{"stream_name":"stdout","time":2603.468593935,"data":"full        acc=0.428 [0.388,0.470] log=1.346 cov=1.000 set=4.00\n"}
,{"stream_name":"stdout","time":2603.46862511,"data":"text_only   acc=0.395 [0.362,0.437] log=1.348 cov=1.000 set=4.00\n"}
,{"stream_name":"stdout","time":2603.468630874,"data":"image_only  acc=0.433 [0.398,0.474] log=1.351 cov=1.000 set=4.00\n"}
,{"stream_name":"stdout","time":2603.46863551,"data":"full vs text_only  : -0.0333 [-0.0700, +0.0017] -\u003e indistinguishable\n"}
,{"stream_name":"stdout","time":2603.468641075,"data":"full vs image_only : +0.0050 [-0.0325, +0.0433] -\u003e indistinguishable\n"}
,{"stream_name":"stdout","time":2609.008660748,"data":"static                 esc 0.032-\u003e0.275 unsafe 0.143\n"}
,{"stream_name":"stdout","time":2609.008746168,"data":"glial                  esc 0.080-\u003e0.743 unsafe 0.087\n"}
,{"stream_name":"stdout","time":2609.008783369,"data":"recalibrate(delay=200) esc 0.032-\u003e0.275 unsafe 0.305\n"}
,{"stream_name":"stdout","time":2609.008791393,"data":"recalibrate(delay=0)   esc 0.032-\u003e0.275 unsafe 0.137\n"}
,{"stream_name":"stdout","time":2609.208125731,"data":"'i need to cancel my flight tomorrow'\n"}
,{"stream_name":"stdout","time":2609.208160213,"data":"  -\u003e action=escalate top=0.010 set=['cancel', 'book flight', 'insurance change', 'income']\n"}
,{"stream_name":"stdout","time":2609.208167841,"data":"\n"}
,{"stream_name":"stdout","time":2609.341668339,"data":"'what is the balance on my account'\n"}
,{"stream_name":"stdout","time":2609.341717216,"data":"  -\u003e action=answer top=0.016 set=['balance', 'bill balance', 'rewards balance']\n"}
,{"stream_name":"stdout","time":2609.341724777,"data":"\n"}
,{"stream_name":"stdout","time":2609.341730616,"data":"'tell me something completely unrelated to banking intents xyz'\n"}
,{"stream_name":"stdout","time":2609.341736503,"data":"  -\u003e action=escalate top=0.011 set=['no', 'what can i ask you', 'meaning of life', 'definition']\n"}
,{"stream_name":"stdout","time":2609.341742533,"data":"\n"}
,{"stream_name":"stdout","time":2628.29961745,"data":"logged 300 real decisions\n"}
,{"stream_name":"stdout","time":2628.299655009,"data":"monitor: alerts=['escalate_rate 0.63 \u003e 0.6', 'top_prob KS=0.247 \u003e 0.15'] escalate=0.63\n"}
,{"stream_name":"stdout","time":2628.299695161,"data":"handlers: {'escalate': 189, 'answer': 109, 'clarify': 2} | escalation queue lines 189\n"}
,{"stream_name":"stdout","time":2628.299702618,"data":"retrain slice 1: 3900 items, 150 classes\n"}
,{"stream_name":"stdout","time":2628.299707676,"data":"retrain slice 2: 4050 items, 150 classes\n"}
,{"stream_name":"stdout","time":2677.338267968,"data":"registry: versions=['v1', 'v2'] v2.parent=v1 promote-\u003ev2 rollback-\u003ev1 now=v1\n"}
,{"stream_name":"stdout","time":2677.338312797,"data":"shadow: n=300 agreement=0.363 failed=0 {'answer-\u003eanswer': 109, 'clarify-\u003eanswer': 2, 'escalate-\u003eanswer': 187, 'escalate-\u003eclarify': 2}\n"}
,{"stream_name":"stdout","time":2677.338320177,"data":"cadence: fired=True via drift (drift: top_prob KS=0.247 \u003e 0.15)\n"}
,{"stream_name":"stdout","time":2677.338325193,"data":"cadence: held=True (drift alert but 120 new labeled samples \u003c 500 floor)\n"}
,{"stream_name":"stdout","time":2715.536013363,"data":"canary: control n=206 unsafe=0.005 | canary n=94 unsafe=0.043 -\u003e rollback (unsafe_rate 0.005 -\u003e 0.043 (+0.038 \u003e 0.02))\n"}
,{"stream_name":"stdout","time":2715.536075884,"data":"causal unsafe: delta=+0.070 [+0.043, +0.100] -\u003e regressed\n"}
,{"stream_name":"stdout","time":2715.536085123,"data":"causal escalate: delta=-0.630 [-0.683, -0.575] -\u003e improved\n"}
,{"stream_name":"stdout","time":2715.662530992,"data":"{\n"}
,{"stream_name":"stdout","time":2715.66259679,"data":"  \"suite_green_on_kaggle\": true,\n"}
,{"stream_name":"stdout","time":2715.66260476,"data":"  \"cosine_resolved_in_band\": true,\n"}
,{"stream_name":"stdout","time":2715.662610879,"data":"  \"head_resolved_in_band\": true,\n"}
,{"stream_name":"stdout","time":2715.662616201,"data":"  \"coverage_in_band\": true,\n"}
,{"stream_name":"stdout","time":2715.662621406,"data":"  \"head_coverage_reported\": 0.9882222222222222,\n"}
,{"stream_name":"stdout","time":2715.662626474,"data":"  \"cosine_sets_small\": true,\n"}
,{"stream_name":"stdout","time":2715.662631618,"data":"  \"head_sets_small\": true,\n"}
,{"stream_name":"stdout","time":2715.662643112,"data":"  \"head_acc_in_band\": true,\n"}
,{"stream_name":"stdout","time":2715.662647136,"data":"  \"bundle_roundtrip_identical\": true,\n"}
,{"stream_name":"stdout","time":2715.662650582,"data":"  \"ordinal_ran\": true,\n"}
,{"stream_name":"stdout","time":2715.662654332,"data":"  \"ordinal_beats_zeroshot\": true,\n"}
,{"stream_name":"stdout","time":2715.662657806,"data":"  \"cli_ran\": true,\n"}
,{"stream_name":"stdout","time":2715.662661046,"data":"  \"cli_inputs\": 12,\n"}
,{"stream_name":"stdout","time":2715.662664399,"data":"  \"cli_adapt_ran\": true,\n"}
,{"stream_name":"stdout","time":2715.662667686,"data":"  \"cli_adapt_roundtrip\": true,\n"}
,{"stream_name":"stdout","time":2715.662712392,"data":"  \"serve_ran\": true,\n"}
,{"stream_name":"stdout","time":2715.662720539,"data":"  \"baselines_ran\": true,\n"}
,{"stream_name":"stdout","time":2715.66272652,"data":"  \"head_beats_tfidf_acc\": true,\n"}
,{"stream_name":"stdout","time":2715.662731953,"data":"  \"rigor_ran\": true,\n"}
,{"stream_name":"stdout","time":2715.662736943,"data":"  \"memorization_ran\": true,\n"}
,{"stream_name":"stdout","time":2715.662741787,"data":"  \"breadth_ran\": true,\n"}
,{"stream_name":"stdout","time":2715.662747433,"data":"  \"breadth_datasets\": 10,\n"}
,{"stream_name":"stdout","time":2715.662752946,"data":"  \"operate_ran\": true,\n"}
,{"stream_name":"stdout","time":2715.662758456,"data":"  \"monitor_ran\": true,\n"}
,{"stream_name":"stdout","time":2715.662782328,"data":"  \"handlers_ran\": true,\n"}
,{"stream_name":"stdout","time":2715.662786519,"data":"  \"escalations_queued\": true,\n"}
,{"stream_name":"stdout","time":2715.662790426,"data":"  \"registry_lineage\": true,\n"}
,{"stream_name":"stdout","time":2715.662794772,"data":"  \"registry_rollback\": true,\n"}
,{"stream_name":"stdout","time":2715.662799048,"data":"  \"shadow_ran\": true,\n"}
,{"stream_name":"stdout","time":2715.662803543,"data":"  \"cadence_ran\": true,\n"}
,{"stream_name":"stdout","time":2715.662808343,"data":"  \"cadence_floored\": true,\n"}
,{"stream_name":"stdout","time":2715.662813174,"data":"  \"canary_ran\": true,\n"}
,{"stream_name":"stdout","time":2715.662817808,"data":"  \"canary_arms_nonempty\": true,\n"}
,{"stream_name":"stdout","time":2715.662821849,"data":"  \"causal_ran\": true,\n"}
,{"stream_name":"stdout","time":2715.662825784,"data":"  \"causal_ci_reported\": true,\n"}
,{"stream_name":"stdout","time":2715.662829835,"data":"  \"cross_task_ran\": true,\n"}
,{"stream_name":"stdout","time":2715.662833622,"data":"  \"cross_task_glial_safer\": true,\n"}
,{"stream_name":"stdout","time":2715.662837576,"data":"  \"multilingual_ran\": true,\n"}
,{"stream_name":"stdout","time":2715.662841587,"data":"  \"multilingual_in_language_holds\": true,\n"}
,{"stream_name":"stdout","time":2715.662845674,"data":"  \"multilingual_en_head_transfers\": true,\n"}
,{"stream_name":"stdout","time":2715.662849523,"data":"  \"multimodal_ran\": true,\n"}
,{"stream_name":"stdout","time":2715.662853515,"data":"  \"multimodal_image_carries_signal\": true,\n"}
,{"stream_name":"stdout","time":2715.662857506,"data":"  \"multimodal_combination_beats_both_singles\": false,\n"}
,{"stream_name":"stdout","time":2715.662863657,"data":"  \"breadth_head_ge_tfidf\": true\n"}
,{"stream_name":"stdout","time":2715.662887212,"data":"}\n"}
,{"stream_name":"stderr","time":2722.121254435,"data":"/usr/local/lib/python3.13/dist-packages/mistune.py:435: SyntaxWarning: invalid escape sequence '\\|'\n"}
,{"stream_name":"stderr","time":2722.12129837,"data":"  cells[i][c] = re.sub('\\\\\\\\\\|', '|', cell)\n"}
,{"stream_name":"stderr","time":2722.333834254,"data":"/usr/local/lib/python3.13/dist-packages/nbconvert/filters/filter_links.py:36: SyntaxWarning: invalid escape sequence '\\_'\n"}
,{"stream_name":"stderr","time":2722.333870783,"data":"  text = re.sub(r'_', '\\_', text) # Escape underscores in display text\n"}
,{"stream_name":"stderr","time":2723.192501298,"data":"[NbConvertApp] Converting notebook __notebook__.ipynb to notebook\n"}
,{"stream_name":"stderr","time":2723.677878096,"data":"[NbConvertApp] Writing 2990456 bytes to __notebook__.ipynb\n"}
,{"stream_name":"stderr","time":2726.759388589,"data":"[NbConvertApp] Converting notebook __notebook__.ipynb to html\n"}
,{"stream_name":"stderr","time":2728.020479395,"data":"[NbConvertApp] Writing 2956283 bytes to __results__.html\n"}
]