[{"stream_name":"stderr","time":5.205501204,"data":"/usr/local/lib/python3.13/dist-packages/nbformat/validator.py:434: MissingIDFieldWarning: Cell is missing an id field, this will become a hard error in future nbformat versions. You may want to use `normalize()` on your notebooks before validations (available since nbformat 5.1.4). Previous versions of nbformat are fixing this issue transparently, and will stop doing so in the future.\n"}
,{"stream_name":"stderr","time":5.205536494,"data":"  _validate(nbdict, ref, version, version_minor, relax_add_props)\n"}
,{"stream_name":"stderr","time":5.981448395,"data":"0.00s - Debugger warning: It seems that frozen modules are being used, which may\n"}
,{"stream_name":"stderr","time":5.981478298,"data":"0.00s - make the debugger miss breakpoints. Please pass -Xfrozen_modules=off\n"}
,{"stream_name":"stderr","time":5.98148181,"data":"0.00s - to python to disable frozen modules.\n"}
,{"stream_name":"stderr","time":5.981484314,"data":"0.00s - Note: Debugging will proceed. Set PYDEVD_DISABLE_FILE_VALIDATION=1 to disable this validation.\n"}
,{"stream_name":"stderr","time":6.5239637219999995,"data":"0.00s - Debugger warning: It seems that frozen modules are being used, which may\n"}
,{"stream_name":"stderr","time":6.523992538,"data":"0.00s - make the debugger miss breakpoints. Please pass -Xfrozen_modules=off\n"}
,{"stream_name":"stderr","time":6.523997893,"data":"0.00s - to python to disable frozen modules.\n"}
,{"stream_name":"stderr","time":6.524001907,"data":"0.00s - Note: Debugging will proceed. Set PYDEVD_DISABLE_FILE_VALIDATION=1 to disable this validation.\n"}
,{"stream_name":"stdout","time":9.127924168,"data":"Tesla T4, 15360 MiB\n"}
,{"stream_name":"stdout","time":9.127955614,"data":"Tesla T4, 15360 MiB\n"}
,{"stream_name":"stdout","time":9.127977037,"data":"\n"}
,{"stream_name":"stdout","time":146.155241872,"data":"........................................................................ [ 37%]\n"}
,{"stream_name":"stdout","time":146.155354379,"data":"........................ss.............................................. [ 75%]\n"}
,{"stream_name":"stdout","time":146.155372394,"data":"..............................................                           [100%]\n"}
,{"stream_name":"stdout","time":146.155377946,"data":"188 passed, 2 skipped in 130.67s (0:02:10)\n"}
,{"stream_name":"stdout","time":146.155382939,"data":"\n"}
,{"stream_name":"stdout","time":149.743903024,"data":"   ━━━━━━━━━━━━━━━━━━━━━━━━━━━━━━━━━━━━━━━━ 740.6/740.6 kB 4.4 MB/s eta 0:00:00\n"}
,{"stream_name":"stdout","time":149.946305928,"data":"   ━━━━━━━━━━━━━━━━━━━━━━━━━━━━━━━━━━━━━━━━ 740.6/740.6 kB 4.4 MB/s eta 0:00:00\n"}
,{"stream_name":"stdout","time":150.034609769,"data":"   ━━━━━━━━━━━━━━━━━━━━━━━━━━━━━━━━━━━━━━━━ 12.6/12.6 MB 62.0 MB/s eta 0:00:00\n"}
,{"stream_name":"stdout","time":150.107724809,"data":"   ━━━━━━━━━━━━━━━━━━━━━━━━━━━━━━━━━━━━━━━━ 846.4/846.4 kB 40.5 MB/s eta 0:00:00\n"}
,{"stream_name":"stdout","time":150.236835514,"data":"   ━━━━━━━━━━━━━━━━━━━━━━━━━━━━━━━━━━━━━━━━ 12.6/12.6 MB 62.0 MB/s eta 0:00:00\n"}
,{"stream_name":"stdout","time":150.236858632,"data":"   ━━━━━━━━━━━━━━━━━━━━━━━━━━━━━━━━━━━━━━━━ 846.4/846.4 kB 40.5 MB/s eta 0:00:00\n"}
,{"stream_name":"stderr","time":184.520478045,"data":"Warning: You are sending unauthenticated requests to the HF Hub. Please set a HF_TOKEN to enable higher rate limits and faster downloads.\n"}
,{"stream_name":"stderr","time":184.520515631,"data":"\n"}
,{"stream_name":"stderr","time":184.520521006,"data":"Warning: You are sending unauthenticated requests to the HF Hub. Please set a HF_TOKEN to enable higher rate limits and faster downloads.\n"}
,{"stream_name":"stdout","time":214.124169699,"data":"datasets path failed: HfUriError(\"Invalid HF URI 'hf://datasets/clinc_oos@155b9c710419136e17307b80d0a13e68cd46b4ec/.huggingface.yaml'. Repository id must be 'name\n"}
,{"stream_name":"stdout","time":214.405667219,"data":"source: github json | train 15000 | val 3100 | test 5500\n"}
,{"stream_name":"stdout","time":292.966233349,"data":"peak cuda GiB: 0.88\n"}
,{"stream_name":"stdout","time":303.68675619,"data":"cosine calibration: {\n"}
,{"stream_name":"stdout","time":303.686788427,"data":" \"t_prob\": 0.25,\n"}
,{"stream_name":"stdout","time":303.686793888,"data":" \"tau_answer\": 0.015279530048182147,\n"}
,{"stream_name":"stdout","time":303.686798631,"data":" \"qhat\": 0.02393932927923971,\n"}
,{"stream_name":"stdout","time":303.686803108,"data":" \"t_set\": 1.0,\n"}
,{"stream_name":"stdout","time":303.686807604,"data":" \"n_A\": 1497,\n"}
,{"stream_name":"stdout","time":303.686815715,"data":" \"n_B\": 1503,\n"}
,{"stream_name":"stdout","time":303.686846022,"data":" \"tau_in_schema\": 0.6991039514541626,\n"}
,{"stream_name":"stdout","time":303.686852347,"data":" \"in_schema_j\": 0.7847644975485562\n"}
,{"stream_name":"stdout","time":303.686857884,"data":"}\n"}
,{"stream_name":"stdout","time":304.287301446,"data":"cosine leg: {\"actions\": {\"escalate\": 3648, \"answer\": 1797, \"clarify\": 55}, \"resolved\": 0.482, \"encodes\": 5555, \"cov_hits\": 4113, \"n_in\": 4500, \"encodes_per_item\": 1.01, \"set_coverage_in_scope\": 0.914}\n"}
,{"stream_name":"stdout","time":307.393392213,"data":"head: {'best_val_loss': 0.09621404856443405, 'epochs_run': 27, 'n_train': 13500, 'n_classes': 150}\n"}
,{"stream_name":"stdout","time":307.393442928,"data":"TaskHead in-scope accuracy: 0.969\n"}
,{"stream_name":"stdout","time":307.393448831,"data":"head calibration: {\n"}
,{"stream_name":"stdout","time":307.393453208,"data":" \"t_prob\": 0.8548387096774194,\n"}
,{"stream_name":"stdout","time":307.393457788,"data":" \"tau_answer\": 0.2898013667933294,\n"}
,{"stream_name":"stdout","time":307.393465455,"data":" \"qhat\": 0.9998559212068684,\n"}
,{"stream_name":"stdout","time":307.39346949,"data":" \"t_set\": 1.0,\n"}
,{"stream_name":"stdout","time":307.393472368,"data":" \"n_A\": 1497,\n"}
,{"stream_name":"stdout","time":307.393475194,"data":" \"n_B\": 1503,\n"}
,{"stream_name":"stdout","time":307.393478017,"data":" \"tau_in_schema\": 9.803707122802734,\n"}
,{"stream_name":"stdout","time":307.39348131,"data":" \"in_schema_j\": 0.9390479071350248\n"}
,{"stream_name":"stdout","time":307.393484201,"data":"}\n"}
,{"stream_name":"stdout","time":307.923870083,"data":"head leg: {\"actions\": {\"answer\": 4381, \"escalate\": 1119}, \"resolved\": 0.931, \"encodes\": 5500, \"cov_hits\": 4498, \"n_in\": 4500, \"encodes_per_item\": 1.0, \"set_coverage_in_scope\": 1.0}\n"}
,{"stream_name":"stdout","time":308.058507497,"data":"bundle round-trip: 200/200 identical\n"}
,{"stream_name":"stderr","time":309.139067625,"data":"Repo card metadata block was not found. Setting CardData to empty.\n"}
,{"stream_name":"stderr","time":309.139092068,"data":"\n"}
,{"stream_name":"stderr","time":309.139097435,"data":"Repo card metadata block was not found. Setting CardData to empty.\n"}
,{"stream_name":"stdout","time":341.84855066,"data":"ordinal: acc 0.432 mae 0.732 | zeroshot: acc 0.318 mae 0.875\n"}
,{"stream_name":"stdout","time":361.745439265,"data":"'i need to cancel my flight tomorrow'\n"}
,{"stream_name":"stdout","time":361.745491931,"data":"  -\u003e action=escalate top=0.334 set=['cancel reservation', 'pto request', 'book flight', 'goodbye']\n"}
,{"stream_name":"stdout","time":361.745502766,"data":"'what is the balance on my account'\n"}
,{"stream_name":"stdout","time":361.745506562,"data":"  -\u003e action=answer top=0.997 set=['balance', 'bill balance', 'account blocked', 'credit limit']\n"}
,{"stream_name":"stdout","time":361.74550938,"data":"'how do i activate my new card'\n"}
,{"stream_name":"stdout","time":361.745511862,"data":"  -\u003e action=escalate top=0.970 set=['new card', 'redeem rewards', 'greeting', 'replacement card duration']\n"}
,{"stream_name":"stdout","time":361.745514532,"data":"'i lost my wallet on the bus yesterday'\n"}
,{"stream_name":"stdout","time":361.745517039,"data":"  -\u003e action=escalate top=0.217 set=['lost luggage', 'spending history', 'goodbye', 'report lost card']\n"}
,{"stream_name":"stdout","time":361.745519596,"data":"'when will my paycheck arrive'\n"}
,{"stream_name":"stdout","time":361.745521907,"data":"  -\u003e action=answer top=0.998 set=['payday', 'income', 'bill due', 'order status']\n"}
,{"stream_name":"stdout","time":361.745524326,"data":"'can you transfer two hundred dollars to my savings'\n"}
,{"stream_name":"stdout","time":361.745526666,"data":"  -\u003e action=answer top=1.000 set=['transfer', 'balance', 'account blocked', 'definition']\n"}
,{"stream_name":"stdout","time":361.745529188,"data":"'why was my card declined at the store'\n"}
,{"stream_name":"stdout","time":361.745531483,"data":"  -\u003e action=answer top=1.000 set=['card declined', 'account blocked']\n"}
,{"stream_name":"stdout","time":361.745533984,"data":"'i want to dispute this charge i never made'\n"}
,{"stream_name":"stdout","time":361.7455363,"data":"  -\u003e action=escalate top=0.774 set=['report fraud', 'cancel', 'no', 'spending history']\n"}
,{"stream_name":"stdout","time":361.745538806,"data":"'do you do currency exchange for euros'\n"}
,{"stream_name":"stdout","time":361.745541083,"data":"  -\u003e action=answer top=0.999 set=['exchange rate', 'plug type', 'transfer', 'change language']\n"}
,{"stream_name":"stdout","time":361.745543539,"data":"'my phone was stolen and i need to freeze everything'\n"}
,{"stream_name":"stdout","time":361.74554593,"data":"  -\u003e action=escalate top=0.461 set=['sync device', 'freeze account', 'find phone', 'report fraud']\n"}
,{"stream_name":"stdout","time":361.745548444,"data":"'tell me something completely unrelated to banking intents xyz'\n"}
,{"stream_name":"stdout","time":361.745550814,"data":"  -\u003e action=escalate top=0.364 set=['no', 'what can i ask you', 'meaning of life', 'fun fact']\n"}
,{"stream_name":"stdout","time":361.745553207,"data":"'blorple snizzle wumpus quack'\n"}
,{"stream_name":"stdout","time":361.745555518,"data":"  -\u003e action=escalate top=0.111 set=['tell joke', 'repeat', 'whisper mode', 'cancel']\n"}
,{"stream_name":"stdout","time":380.92711169,"data":"serve: POST /decide -\u003e escalate (902ms) | stats: 1 req, p50=902ms\n"}
,{"stream_name":"stdout","time":396.628391577,"data":"cosine     acc=0.756 log=4.287 brier=0.978 ece=0.741\n"}
,{"stream_name":"stdout","time":396.628453674,"data":"taskhead   acc=0.969 log=0.118 brier=0.046 ece=0.006\n"}
,{"stream_name":"stdout","time":396.628460017,"data":"tfidf_lr   acc=0.906 log=0.687 brier=0.230 ece=0.235\n"}
,{"stream_name":"stdout","time":403.001295424,"data":"cosine     acc=0.756 [0.744,0.768] aurc=0.1135 ece15=0.741 acc@80=0.834\n"}
,{"stream_name":"stdout","time":403.001327154,"data":"taskhead   acc=0.969 [0.964,0.974] aurc=0.0026 ece15=0.006 acc@80=0.996\n"}
,{"stream_name":"stdout","time":403.001358847,"data":"tfidf_lr   acc=0.906 [0.898,0.914] aurc=0.0180 ece15=0.235 acc@80=0.969\n"}
,{"stream_name":"stdout","time":403.562825204,"data":"acc by nearest-train-similarity band: {\n"}
,{"stream_name":"stdout","time":403.562851429,"data":" \"[-1,0.8)\": {\n"}
,{"stream_name":"stdout","time":403.562855484,"data":"  \"n\": 190,\n"}
,{"stream_name":"stdout","time":403.562858883,"data":"  \"acc\": 0.9105263157894737\n"}
,{"stream_name":"stdout","time":403.562876989,"data":" },\n"}
,{"stream_name":"stdout","time":403.562880273,"data":" \"[0.8,0.9)\": {\n"}
,{"stream_name":"stdout","time":403.562883634,"data":"  \"n\": 1350,\n"}
,{"stream_name":"stdout","time":403.562886941,"data":"  \"acc\": 0.9422222222222222\n"}
,{"stream_name":"stdout","time":403.562890379,"data":" },\n"}
,{"stream_name":"stdout","time":403.562893638,"data":" \"[0.9,0.95)\": {\n"}
,{"stream_name":"stdout","time":403.56289696,"data":"  \"n\": 1146,\n"}
,{"stream_name":"stdout","time":403.562900238,"data":"  \"acc\": 0.9729493891797557\n"}
,{"stream_name":"stdout","time":403.562903503,"data":" },\n"}
,{"stream_name":"stdout","time":403.562906689,"data":" \"[0.95,1.01)\": {\n"}
,{"stream_name":"stdout","time":403.562909921,"data":"  \"n\": 1814,\n"}
,{"stream_name":"stdout","time":403.56291318,"data":"  \"acc\": 0.9933847850055126\n"}
,{"stream_name":"stdout","time":403.562916483,"data":" }\n"}
,{"stream_name":"stdout","time":403.562919664,"data":"}\n"}
,{"stream_name":"stdout","time":403.760147771,"data":"'i need to cancel my flight tomorrow'\n"}
,{"stream_name":"stdout","time":403.760185517,"data":"  -\u003e action=escalate top=0.010 set=['cancel', 'book flight', 'insurance change', 'income']\n"}
,{"stream_name":"stdout","time":403.760190816,"data":"\n"}
,{"stream_name":"stdout","time":403.868502351,"data":"'what is the balance on my account'\n"}
,{"stream_name":"stdout","time":403.868525566,"data":"  -\u003e action=answer top=0.016 set=['balance', 'bill balance', 'rewards balance']\n"}
,{"stream_name":"stdout","time":403.868531295,"data":"\n"}
,{"stream_name":"stdout","time":403.868534819,"data":"'tell me something completely unrelated to banking intents xyz'\n"}
,{"stream_name":"stdout","time":403.86853842,"data":"  -\u003e action=escalate top=0.011 set=['no', 'what can i ask you', 'meaning of life', 'definition']\n"}
,{"stream_name":"stdout","time":403.868542237,"data":"\n"}
,{"stream_name":"stdout","time":403.903476612,"data":"{\n"}
,{"stream_name":"stdout","time":403.903494971,"data":"  \"suite_green_on_kaggle\": true,\n"}
,{"stream_name":"stdout","time":403.903499506,"data":"  \"cosine_resolved_in_band\": true,\n"}
,{"stream_name":"stdout","time":403.903503302,"data":"  \"head_resolved_in_band\": true,\n"}
,{"stream_name":"stdout","time":403.90350714,"data":"  \"coverage_in_band\": true,\n"}
,{"stream_name":"stdout","time":403.903510753,"data":"  \"head_coverage_reported\": 0.9995555555555555,\n"}
,{"stream_name":"stdout","time":403.903525477,"data":"  \"head_acc_in_band\": true,\n"}
,{"stream_name":"stdout","time":403.903529416,"data":"  \"bundle_roundtrip_identical\": true,\n"}
,{"stream_name":"stdout","time":403.903532819,"data":"  \"ordinal_ran\": true,\n"}
,{"stream_name":"stdout","time":403.903536246,"data":"  \"ordinal_beats_zeroshot\": true,\n"}
,{"stream_name":"stdout","time":403.903540003,"data":"  \"cli_ran\": true,\n"}
,{"stream_name":"stdout","time":403.903543322,"data":"  \"cli_inputs\": 12,\n"}
,{"stream_name":"stdout","time":403.903546731,"data":"  \"serve_ran\": true,\n"}
,{"stream_name":"stdout","time":403.903558776,"data":"  \"baselines_ran\": true,\n"}
,{"stream_name":"stdout","time":403.903562429,"data":"  \"head_beats_tfidf_acc\": true,\n"}
,{"stream_name":"stdout","time":403.903565858,"data":"  \"rigor_ran\": true,\n"}
,{"stream_name":"stdout","time":403.903569242,"data":"  \"memorization_ran\": true\n"}
,{"stream_name":"stdout","time":403.903572548,"data":"}\n"}
,{"stream_name":"stderr","time":409.31423655,"data":"/usr/local/lib/python3.13/dist-packages/mistune.py:435: SyntaxWarning: invalid escape sequence '\\|'\n"}
,{"stream_name":"stderr","time":409.3142605,"data":"  cells[i][c] = re.sub('\\\\\\\\\\|', '|', cell)\n"}
,{"stream_name":"stderr","time":409.470216713,"data":"/usr/local/lib/python3.13/dist-packages/nbconvert/filters/filter_links.py:36: SyntaxWarning: invalid escape sequence '\\_'\n"}
,{"stream_name":"stderr","time":409.470239148,"data":"  text = re.sub(r'_', '\\_', text) # Escape underscores in display text\n"}
,{"stream_name":"stderr","time":410.253330825,"data":"[NbConvertApp] Converting notebook __notebook__.ipynb to notebook\n"}
,{"stream_name":"stderr","time":410.377768651,"data":"[NbConvertApp] Writing 501552 bytes to __notebook__.ipynb\n"}
,{"stream_name":"stderr","time":412.833981343,"data":"[NbConvertApp] Converting notebook __notebook__.ipynb to html\n"}
,{"stream_name":"stderr","time":413.493248911,"data":"[NbConvertApp] Writing 817578 bytes to __results__.html\n"}
]