[{"stream_name":"stderr","time":5.165896127,"data":"/usr/local/lib/python3.13/dist-packages/nbformat/validator.py:434: MissingIDFieldWarning: Cell is missing an id field, this will become a hard error in future nbformat versions. You may want to use `normalize()` on your notebooks before validations (available since nbformat 5.1.4). Previous versions of nbformat are fixing this issue transparently, and will stop doing so in the future.\n"}
,{"stream_name":"stderr","time":5.165932255,"data":"  _validate(nbdict, ref, version, version_minor, relax_add_props)\n"}
,{"stream_name":"stderr","time":5.9501050410000005,"data":"0.00s - Debugger warning: It seems that frozen modules are being used, which may\n"}
,{"stream_name":"stderr","time":5.950134403,"data":"0.00s - make the debugger miss breakpoints. Please pass -Xfrozen_modules=off\n"}
,{"stream_name":"stderr","time":5.95013787,"data":"0.00s - to python to disable frozen modules.\n"}
,{"stream_name":"stderr","time":5.950140395,"data":"0.00s - Note: Debugging will proceed. Set PYDEVD_DISABLE_FILE_VALIDATION=1 to disable this validation.\n"}
,{"stream_name":"stderr","time":6.4960861,"data":"0.00s - Debugger warning: It seems that frozen modules are being used, which may\n"}
,{"stream_name":"stderr","time":6.496113816,"data":"0.00s - make the debugger miss breakpoints. Please pass -Xfrozen_modules=off\n"}
,{"stream_name":"stderr","time":6.496119056,"data":"0.00s - to python to disable frozen modules.\n"}
,{"stream_name":"stderr","time":6.496123317,"data":"0.00s - Note: Debugging will proceed. Set PYDEVD_DISABLE_FILE_VALIDATION=1 to disable this validation.\n"}
,{"stream_name":"stdout","time":8.948677653,"data":"Tesla T4, 15360 MiB\n"}
,{"stream_name":"stdout","time":8.94870916,"data":"Tesla T4, 15360 MiB\n"}
,{"stream_name":"stdout","time":8.948713623,"data":"\n"}
,{"stream_name":"stdout","time":143.489861015,"data":"........................................................................ [ 23%]\n"}
,{"stream_name":"stdout","time":143.489894154,"data":"........................................................................ [ 46%]\n"}
,{"stream_name":"stdout","time":143.489900971,"data":".........................ss............................................. [ 69%]\n"}
,{"stream_name":"stdout","time":143.489905994,"data":"........................................................................ [ 93%]\n"}
,{"stream_name":"stdout","time":143.489911495,"data":".....................                                                    [100%]\n"}
,{"stream_name":"stdout","time":143.48991691,"data":"=============================== warnings summary ===============================\n"}
,{"stream_name":"stdout","time":143.489921656,"data":"tests/test_decision_evaluate.py::test_tfidf_baseline_column_alignment\n"}
,{"stream_name":"stdout","time":143.489926733,"data":"tests/test_decision_evaluate.py::test_tfidf_baseline_missing_class\n"}
,{"stream_name":"stdout","time":143.489931732,"data":"tests/test_decision_evaluate.py::test_dataset_suite_end_to_end\n"}
,{"stream_name":"stdout","time":143.489937112,"data":"  /usr/local/lib/python3.13/dist-packages/sklearn/linear_model/_logistic.py:451: DeprecationWarning: scipy.optimize: The `disp` and `iprint` options of the L-BFGS-B solver are deprecated and will be removed in SciPy 1.18.0.\n"}
,{"stream_name":"stdout","time":143.489943981,"data":"    opt_res = optimize.minimize(\n"}
,{"stream_name":"stdout","time":143.489948864,"data":"\n"}
,{"stream_name":"stdout","time":143.489954254,"data":"-- Docs: https://docs.pytest.org/en/stable/how-to/capture-warnings.html\n"}
,{"stream_name":"stdout","time":143.489959285,"data":"307 passed, 2 skipped, 3 warnings in 127.94s (0:02:07)\n"}
,{"stream_name":"stdout","time":143.489964246,"data":"\n"}
,{"stream_name":"stdout","time":146.921945142,"data":"   ━━━━━━━━━━━━━━━━━━━━━━━━━━━━━━━━━━━━━━━━ 740.6/740.6 kB 4.7 MB/s eta 0:00:00\n"}
,{"stream_name":"stdout","time":147.123814598,"data":"   ━━━━━━━━━━━━━━━━━━━━━━━━━━━━━━━━━━━━━━━━ 740.6/740.6 kB 4.7 MB/s eta 0:00:00\n"}
,{"stream_name":"stdout","time":147.191724091,"data":"   ━━━━━━━━━━━━━━━━━━━━━━━━━━━━━━━━━━━━━━━━ 12.6/12.6 MB 66.3 MB/s eta 0:00:00\n"}
,{"stream_name":"stdout","time":147.267769373,"data":"   ━━━━━━━━━━━━━━━━━━━━━━━━━━━━━━━━━━━━━━━━ 846.4/846.4 kB 28.4 MB/s eta 0:00:00\n"}
,{"stream_name":"stdout","time":147.392775664,"data":"   ━━━━━━━━━━━━━━━━━━━━━━━━━━━━━━━━━━━━━━━━ 12.6/12.6 MB 66.3 MB/s eta 0:00:00\n"}
,{"stream_name":"stdout","time":147.392797964,"data":"   ━━━━━━━━━━━━━━━━━━━━━━━━━━━━━━━━━━━━━━━━ 846.4/846.4 kB 28.4 MB/s eta 0:00:00\n"}
,{"stream_name":"stderr","time":179.499805875,"data":"Warning: You are sending unauthenticated requests to the HF Hub. Please set a HF_TOKEN to enable higher rate limits and faster downloads.\n"}
,{"stream_name":"stderr","time":179.499837546,"data":"\n"}
,{"stream_name":"stderr","time":179.49984144,"data":"Warning: You are sending unauthenticated requests to the HF Hub. Please set a HF_TOKEN to enable higher rate limits and faster downloads.\n"}
,{"stream_name":"stdout","time":209.053413472,"data":"datasets path failed: HfUriError(\"Invalid HF URI 'hf://datasets/clinc_oos@155b9c710419136e17307b80d0a13e68cd46b4ec/.huggingface.yaml'. Repository id must be 'name\n"}
,{"stream_name":"stdout","time":209.529813398,"data":"source: github json | train 15000 | val 3100 | test 5500\n"}
,{"stream_name":"stdout","time":286.820791573,"data":"peak cuda GiB: 0.88\n"}
,{"stream_name":"stdout","time":297.391741263,"data":"cosine calibration: {\n"}
,{"stream_name":"stdout","time":297.391775846,"data":" \"t_prob\": 0.25,\n"}
,{"stream_name":"stdout","time":297.391780117,"data":" \"tau_answer\": 0.015279530048182147,\n"}
,{"stream_name":"stdout","time":297.391783653,"data":" \"qhat\": 0.02393932927923971,\n"}
,{"stream_name":"stdout","time":297.391786496,"data":" \"t_set\": 1.0,\n"}
,{"stream_name":"stdout","time":297.391789336,"data":" \"n_A\": 1497,\n"}
,{"stream_name":"stdout","time":297.391792181,"data":" \"n_B\": 1503,\n"}
,{"stream_name":"stdout","time":297.391795698,"data":" \"tau_in_schema\": 0.6991039514541626\n"}
,{"stream_name":"stdout","time":297.391815196,"data":"}\n"}
,{"stream_name":"stdout","time":298.087116646,"data":"cosine leg: {\"actions\": {\"escalate\": 3648, \"answer\": 1797, \"clarify\": 55}, \"resolved\": 0.482, \"encodes\": 5555, \"cov_hits\": 4113, \"n_in\": 4500, \"encodes_per_item\": 1.01, \"set_coverage_in_scope\": 0.914}\n"}
,{"stream_name":"stdout","time":301.14265196,"data":"head: {'best_val_loss': 0.09621404856443405, 'epochs_run': 27, 'n_train': 13500, 'n_classes': 150}\n"}
,{"stream_name":"stdout","time":301.142693557,"data":"TaskHead in-scope accuracy: 0.969\n"}
,{"stream_name":"stdout","time":301.142701239,"data":"head calibration: {\n"}
,{"stream_name":"stdout","time":301.142707403,"data":" \"t_prob\": 0.8548387096774194,\n"}
,{"stream_name":"stdout","time":301.142713467,"data":" \"tau_answer\": 0.2898013667933294,\n"}
,{"stream_name":"stdout","time":301.142719365,"data":" \"qhat\": 0.9998559212068684,\n"}
,{"stream_name":"stdout","time":301.142742561,"data":" \"t_set\": 1.0,\n"}
,{"stream_name":"stdout","time":301.142748021,"data":" \"n_A\": 1497,\n"}
,{"stream_name":"stdout","time":301.142752602,"data":" \"n_B\": 1503,\n"}
,{"stream_name":"stdout","time":301.142756952,"data":" \"tau_in_schema\": 9.803707122802734\n"}
,{"stream_name":"stdout","time":301.142761655,"data":"}\n"}
,{"stream_name":"stdout","time":301.651832946,"data":"head leg: {\"actions\": {\"answer\": 4381, \"escalate\": 1119}, \"resolved\": 0.931, \"encodes\": 5500, \"cov_hits\": 4498, \"n_in\": 4500, \"encodes_per_item\": 1.0, \"set_coverage_in_scope\": 1.0}\n"}
,{"stream_name":"stdout","time":301.791079699,"data":"bundle round-trip: 200/200 identical\n"}
,{"stream_name":"stderr","time":302.865965921,"data":"Repo card metadata block was not found. Setting CardData to empty.\n"}
,{"stream_name":"stderr","time":302.86599165,"data":"\n"}
,{"stream_name":"stderr","time":302.865995342,"data":"Repo card metadata block was not found. Setting CardData to empty.\n"}
,{"stream_name":"stdout","time":333.973635858,"data":"ordinal: acc 0.432 mae 0.732 | zeroshot: acc 0.318 mae 0.875\n"}
,{"stream_name":"stdout","time":353.379252286,"data":"'i need to cancel my flight tomorrow'\n"}
,{"stream_name":"stdout","time":353.379280929,"data":"  -\u003e action=escalate top=0.334 set=['cancel reservation', 'pto request', 'book flight', 'goodbye']\n"}
,{"stream_name":"stdout","time":353.379287011,"data":"'what is the balance on my account'\n"}
,{"stream_name":"stdout","time":353.379291403,"data":"  -\u003e action=answer top=0.997 set=['balance', 'bill balance', 'account blocked', 'credit limit']\n"}
,{"stream_name":"stdout","time":353.379295849,"data":"'how do i activate my new card'\n"}
,{"stream_name":"stdout","time":353.379300088,"data":"  -\u003e action=escalate top=0.970 set=['new card', 'redeem rewards', 'greeting', 'replacement card duration']\n"}
,{"stream_name":"stdout","time":353.379305286,"data":"'i lost my wallet on the bus yesterday'\n"}
,{"stream_name":"stdout","time":353.379310226,"data":"  -\u003e action=escalate top=0.217 set=['lost luggage', 'spending history', 'goodbye', 'report lost card']\n"}
,{"stream_name":"stdout","time":353.37931541,"data":"'when will my paycheck arrive'\n"}
,{"stream_name":"stdout","time":353.379320769,"data":"  -\u003e action=answer top=0.998 set=['payday', 'income', 'bill due', 'order status']\n"}
,{"stream_name":"stdout","time":353.379325276,"data":"'can you transfer two hundred dollars to my savings'\n"}
,{"stream_name":"stdout","time":353.379329457,"data":"  -\u003e action=answer top=1.000 set=['transfer', 'balance', 'account blocked', 'definition']\n"}
,{"stream_name":"stdout","time":353.379333979,"data":"'why was my card declined at the store'\n"}
,{"stream_name":"stdout","time":353.379338062,"data":"  -\u003e action=answer top=1.000 set=['card declined', 'account blocked']\n"}
,{"stream_name":"stdout","time":353.379342387,"data":"'i want to dispute this charge i never made'\n"}
,{"stream_name":"stdout","time":353.379346527,"data":"  -\u003e action=escalate top=0.774 set=['report fraud', 'cancel', 'no', 'spending history']\n"}
,{"stream_name":"stdout","time":353.379351392,"data":"'do you do currency exchange for euros'\n"}
,{"stream_name":"stdout","time":353.379356081,"data":"  -\u003e action=answer top=0.999 set=['exchange rate', 'plug type', 'transfer', 'change language']\n"}
,{"stream_name":"stdout","time":353.379360072,"data":"'my phone was stolen and i need to freeze everything'\n"}
,{"stream_name":"stdout","time":353.379364097,"data":"  -\u003e action=escalate top=0.461 set=['sync device', 'freeze account', 'find phone', 'report fraud']\n"}
,{"stream_name":"stdout","time":353.379378943,"data":"'tell me something completely unrelated to banking intents xyz'\n"}
,{"stream_name":"stdout","time":353.379382321,"data":"  -\u003e action=escalate top=0.364 set=['no', 'what can i ask you', 'meaning of life', 'fun fact']\n"}
,{"stream_name":"stdout","time":353.379385392,"data":"'blorple snizzle wumpus quack'\n"}
,{"stream_name":"stdout","time":353.379388519,"data":"  -\u003e action=escalate top=0.111 set=['tell joke', 'repeat', 'whisper mode', 'cancel']\n"}
,{"stream_name":"stdout","time":371.6806138,"data":"serve: POST /decide -\u003e escalate (929ms) | stats: 1 req, p50=929ms\n"}
,{"stream_name":"stdout","time":386.920429979,"data":"cosine     acc=0.756 log=4.287 brier=0.978 ece=0.741\n"}
,{"stream_name":"stdout","time":386.920461164,"data":"taskhead   acc=0.969 log=0.118 brier=0.046 ece=0.006\n"}
,{"stream_name":"stdout","time":386.920467147,"data":"tfidf_lr   acc=0.906 log=0.687 brier=0.230 ece=0.235\n"}
,{"stream_name":"stdout","time":393.329638135,"data":"cosine     acc=0.756 [0.744,0.768] aurc=0.1135 ece15=0.741 acc@80=0.834\n"}
,{"stream_name":"stdout","time":393.329670384,"data":"taskhead   acc=0.969 [0.964,0.974] aurc=0.0026 ece15=0.006 acc@80=0.996\n"}
,{"stream_name":"stdout","time":393.329677571,"data":"tfidf_lr   acc=0.906 [0.898,0.914] aurc=0.0180 ece15=0.235 acc@80=0.969\n"}
,{"stream_name":"stdout","time":393.834439723,"data":"acc by nearest-train-similarity band: {\n"}
,{"stream_name":"stdout","time":393.834479418,"data":" \"[-1,0.8)\": {\n"}
,{"stream_name":"stdout","time":393.834484309,"data":"  \"n\": 190,\n"}
,{"stream_name":"stdout","time":393.834488544,"data":"  \"acc\": 0.9105263157894737\n"}
,{"stream_name":"stdout","time":393.834492842,"data":" },\n"}
,{"stream_name":"stdout","time":393.834496789,"data":" \"[0.8,0.9)\": {\n"}
,{"stream_name":"stdout","time":393.834500889,"data":"  \"n\": 1350,\n"}
,{"stream_name":"stdout","time":393.83450511,"data":"  \"acc\": 0.9422222222222222\n"}
,{"stream_name":"stdout","time":393.834509198,"data":" },\n"}
,{"stream_name":"stdout","time":393.834513483,"data":" \"[0.9,0.95)\": {\n"}
,{"stream_name":"stdout","time":393.834519213,"data":"  \"n\": 1146,\n"}
,{"stream_name":"stdout","time":393.834533703,"data":"  \"acc\": 0.9729493891797557\n"}
,{"stream_name":"stdout","time":393.834539469,"data":" },\n"}
,{"stream_name":"stdout","time":393.834544788,"data":" \"[0.95,1.01)\": {\n"}
,{"stream_name":"stdout","time":393.834548846,"data":"  \"n\": 1814,\n"}
,{"stream_name":"stdout","time":393.834552908,"data":"  \"acc\": 0.9933847850055126\n"}
,{"stream_name":"stdout","time":393.834556997,"data":" }\n"}
,{"stream_name":"stdout","time":393.834560909,"data":"}\n"}
,{"stream_name":"stdout","time":413.434930977,"data":"banking77        k= 77 head=0.930 cos=0.929 tfidf=0.731\n"}
,{"stream_name":"stdout","time":436.535517848,"data":"emotion          k=  6 head=0.625 cos=0.498 tfidf=0.580\n"}
,{"stream_name":"stdout","time":460.663283891,"data":"tweet_emotion    k=  4 head=0.798 cos=0.756 tfidf=0.565\n"}
,{"stream_name":"stdout","time":488.790723971,"data":"tweet_sentiment  k=  3 head=0.666 cos=0.575 tfidf=0.488\n"}
,{"stream_name":"stdout","time":518.522412406,"data":"tweet_hate       k=  2 head=0.586 cos=0.568 tfidf=0.529\n"}
,{"stream_name":"stdout","time":539.287074597,"data":"sst2             k=  2 head=0.847 cos=0.854 tfidf=0.682\n"}
,{"stream_name":"stdout","time":587.359861684,"data":"ag_news          k=  4 head=0.869 cos=0.614 tfidf=0.786\n"}
,{"stream_name":"stdout","time":657.446916085,"data":"dbpedia_14       k= 14 head=0.970 cos=0.776 tfidf=0.927\n"}
,{"stream_name":"stdout","time":706.399870804,"data":"mnli             k=  3 head=0.449 cos=0.368 tfidf=0.379\n"}
,{"stream_name":"stdout","time":723.957488107,"data":"massive_intent_en k= 60 head=0.895 cos=0.888 tfidf=0.678\n"}
,{"stream_name":"stdout","time":730.274639489,"data":"static                 esc 0.032-\u003e0.275 unsafe 0.143\n"}
,{"stream_name":"stdout","time":730.274666312,"data":"glial                  esc 0.080-\u003e0.743 unsafe 0.087\n"}
,{"stream_name":"stdout","time":730.274672244,"data":"recalibrate(delay=200) esc 0.032-\u003e0.275 unsafe 0.305\n"}
,{"stream_name":"stdout","time":730.274676992,"data":"recalibrate(delay=0)   esc 0.032-\u003e0.275 unsafe 0.137\n"}
,{"stream_name":"stdout","time":730.475015552,"data":"'i need to cancel my flight tomorrow'\n"}
,{"stream_name":"stdout","time":730.475047703,"data":"  -\u003e action=escalate top=0.010 set=['cancel', 'book flight', 'insurance change', 'income']\n"}
,{"stream_name":"stdout","time":730.475052697,"data":"\n"}
,{"stream_name":"stdout","time":730.587589493,"data":"'what is the balance on my account'\n"}
,{"stream_name":"stdout","time":730.587615702,"data":"  -\u003e action=answer top=0.016 set=['balance', 'bill balance', 'rewards balance']\n"}
,{"stream_name":"stdout","time":730.587622559,"data":"\n"}
,{"stream_name":"stdout","time":730.587627236,"data":"'tell me something completely unrelated to banking intents xyz'\n"}
,{"stream_name":"stdout","time":730.5876321,"data":"  -\u003e action=escalate top=0.011 set=['no', 'what can i ask you', 'meaning of life', 'definition']\n"}
,{"stream_name":"stdout","time":730.587636996,"data":"\n"}
,{"stream_name":"stdout","time":747.596694761,"data":"logged 300 real decisions\n"}
,{"stream_name":"stdout","time":747.596732509,"data":"monitor: alerts=['escalate_rate 0.63 \u003e 0.6', 'top_prob KS=0.247 \u003e 0.15'] escalate=0.63\n"}
,{"stream_name":"stdout","time":747.59673991,"data":"handlers: {'escalate': 189, 'answer': 109, 'clarify': 2} | escalation queue lines 189\n"}
,{"stream_name":"stdout","time":747.596745825,"data":"retrain slice 1: 3900 items, 150 classes\n"}
,{"stream_name":"stdout","time":747.59675129,"data":"retrain slice 2: 4050 items, 150 classes\n"}
,{"stream_name":"stdout","time":792.312087852,"data":"registry: versions=['v1', 'v2'] v2.parent=v1 promote-\u003ev2 rollback-\u003ev1 now=v1\n"}
,{"stream_name":"stdout","time":792.312112848,"data":"shadow: n=300 agreement=0.370 failed=0 {'answer-\u003eanswer': 109, 'clarify-\u003eanswer': 2, 'escalate-\u003eanswer': 187, 'escalate-\u003eescalate': 2}\n"}
,{"stream_name":"stdout","time":792.312119192,"data":"cadence: fired=True via drift (drift: top_prob KS=0.247 \u003e 0.15)\n"}
,{"stream_name":"stdout","time":792.312124082,"data":"cadence: held=True (drift alert but 120 new labeled samples \u003c 500 floor)\n"}
,{"stream_name":"stdout","time":808.861848965,"data":"canary: control n=206 unsafe=0.005 | canary n=94 unsafe=0.043 -\u003e rollback (unsafe_rate 0.005 -\u003e 0.043 (+0.038 \u003e 0.02); latency_p95 x130)\n"}
,{"stream_name":"stdout","time":808.861880309,"data":"causal unsafe: delta=+0.070 [+0.043, +0.100] -\u003e regressed\n"}
,{"stream_name":"stdout","time":808.861886012,"data":"causal escalate: delta=-0.623 [-0.673, -0.567] -\u003e improved\n"}
,{"stream_name":"stdout","time":808.929186206,"data":"{\n"}
,{"stream_name":"stdout","time":808.929211394,"data":"  \"suite_green_on_kaggle\": true,\n"}
,{"stream_name":"stdout","time":808.929217886,"data":"  \"cosine_resolved_in_band\": true,\n"}
,{"stream_name":"stdout","time":808.929223564,"data":"  \"head_resolved_in_band\": true,\n"}
,{"stream_name":"stdout","time":808.929228579,"data":"  \"coverage_in_band\": true,\n"}
,{"stream_name":"stdout","time":808.929243883,"data":"  \"head_coverage_reported\": 0.9995555555555555,\n"}
,{"stream_name":"stdout","time":808.929248067,"data":"  \"head_acc_in_band\": true,\n"}
,{"stream_name":"stdout","time":808.929251187,"data":"  \"bundle_roundtrip_identical\": true,\n"}
,{"stream_name":"stdout","time":808.929254554,"data":"  \"ordinal_ran\": true,\n"}
,{"stream_name":"stdout","time":808.929257679,"data":"  \"ordinal_beats_zeroshot\": true,\n"}
,{"stream_name":"stdout","time":808.929260772,"data":"  \"cli_ran\": true,\n"}
,{"stream_name":"stdout","time":808.929263879,"data":"  \"cli_inputs\": 12,\n"}
,{"stream_name":"stdout","time":808.929267118,"data":"  \"serve_ran\": true,\n"}
,{"stream_name":"stdout","time":808.929276967,"data":"  \"baselines_ran\": true,\n"}
,{"stream_name":"stdout","time":808.929281264,"data":"  \"head_beats_tfidf_acc\": true,\n"}
,{"stream_name":"stdout","time":808.929285311,"data":"  \"rigor_ran\": true,\n"}
,{"stream_name":"stdout","time":808.92928908,"data":"  \"memorization_ran\": true,\n"}
,{"stream_name":"stdout","time":808.929292545,"data":"  \"breadth_ran\": true,\n"}
,{"stream_name":"stdout","time":808.92929579,"data":"  \"breadth_datasets\": 10,\n"}
,{"stream_name":"stdout","time":808.929299105,"data":"  \"operate_ran\": true,\n"}
,{"stream_name":"stdout","time":808.92930237,"data":"  \"monitor_ran\": true,\n"}
,{"stream_name":"stdout","time":808.929305373,"data":"  \"handlers_ran\": true,\n"}
,{"stream_name":"stdout","time":808.929308745,"data":"  \"escalations_queued\": true,\n"}
,{"stream_name":"stdout","time":808.9293119,"data":"  \"registry_lineage\": true,\n"}
,{"stream_name":"stdout","time":808.929315076,"data":"  \"registry_rollback\": true,\n"}
,{"stream_name":"stdout","time":808.929318297,"data":"  \"shadow_ran\": true,\n"}
,{"stream_name":"stdout","time":808.929321524,"data":"  \"cadence_ran\": true,\n"}
,{"stream_name":"stdout","time":808.929324595,"data":"  \"cadence_floored\": true,\n"}
,{"stream_name":"stdout","time":808.929327819,"data":"  \"canary_ran\": true,\n"}
,{"stream_name":"stdout","time":808.929330986,"data":"  \"canary_arms_nonempty\": true,\n"}
,{"stream_name":"stdout","time":808.929334493,"data":"  \"causal_ran\": true,\n"}
,{"stream_name":"stdout","time":808.929338497,"data":"  \"causal_ci_reported\": true,\n"}
,{"stream_name":"stdout","time":808.929342127,"data":"  \"cross_task_ran\": true,\n"}
,{"stream_name":"stdout","time":808.929345502,"data":"  \"cross_task_glial_safer\": true,\n"}
,{"stream_name":"stdout","time":808.92934889,"data":"  \"breadth_head_ge_tfidf\": true\n"}
,{"stream_name":"stdout","time":808.929352371,"data":"}\n"}
,{"stream_name":"stderr","time":814.547194526,"data":"/usr/local/lib/python3.13/dist-packages/mistune.py:435: SyntaxWarning: invalid escape sequence '\\|'\n"}
,{"stream_name":"stderr","time":814.547222427,"data":"  cells[i][c] = re.sub('\\\\\\\\\\|', '|', cell)\n"}
,{"stream_name":"stderr","time":814.698606198,"data":"/usr/local/lib/python3.13/dist-packages/nbconvert/filters/filter_links.py:36: SyntaxWarning: invalid escape sequence '\\_'\n"}
,{"stream_name":"stderr","time":814.698632126,"data":"  text = re.sub(r'_', '\\_', text) # Escape underscores in display text\n"}
,{"stream_name":"stderr","time":815.412653332,"data":"[NbConvertApp] Converting notebook __notebook__.ipynb to notebook\n"}
,{"stream_name":"stderr","time":815.677607159,"data":"[NbConvertApp] Writing 1863060 bytes to __notebook__.ipynb\n"}
,{"stream_name":"stderr","time":818.101647446,"data":"[NbConvertApp] Converting notebook __notebook__.ipynb to html\n"}
,{"stream_name":"stderr","time":819.034445581,"data":"[NbConvertApp] Writing 1990397 bytes to __results__.html\n"}
]